   Γû▓ Next.js 14.1.0
   - Environments: .env.local
   - Experiments (use at your own risk):
     ┬╖ instrumentationHook

   Creating an optimized production build ...
 Γ£ô Compiled successfully
   Linting and checking validity of types ...

./src/app/admin/audit/page.tsx
46:6  Warning: React Hook useEffect has missing dependencies: 'fetchCompanies', 'fetchEntries', and 'fetchSuperAdmins'. Either include them or remove the dependency array.  react-hooks/exhaustive-deps

./src/app/admin/billing/page.tsx
43:6  Warning: React Hook useEffect has a missing dependency: 'fetchData'. Either include it or remove the dependency array.  react-hooks/exhaustive-deps

./src/app/admin/companies/[id]/page.tsx
48:6  Warning: React Hook useEffect has a missing dependency: 'fetchCompany'. Either include it or remove the dependency array.  react-hooks/exhaustive-deps

./src/app/admin/grants/page.tsx
39:6  Warning: React Hook useEffect has missing dependencies: 'fetchCompanies' and 'fetchGrants'. Either include them or remove the dependency array.  react-hooks/exhaustive-deps

./src/app/admin/notifications/page.tsx
35:6  Warning: React Hook useEffect has missing dependencies: 'fetchCompanies' and 'fetchNotifications'. Either include them or remove the dependency array.  react-hooks/exhaustive-deps

./src/app/admin/settings/page.tsx
32:6  Warning: React Hook useEffect has a missing dependency: 'fetchAdmins'. Either include it or remove the dependency array.  react-hooks/exhaustive-deps

./src/app/admin/support/faq/page.tsx
55:6  Warning: React Hook useEffect has a missing dependency: 'fetchItems'. Either include it or remove the dependency array.  react-hooks/exhaustive-deps

./src/app/admin/support/page.tsx
84:6  Warning: React Hook useEffect has missing dependencies: 'fetchCompanies', 'fetchSuperAdmins', and 'fetchTickets'. Either include them or remove the dependency array.  react-hooks/exhaustive-deps

./src/app/admin/users/page.tsx
29:6  Warning: React Hook useEffect has a missing dependency: 'fetchUsers'. Either include it or remove the dependency array.  react-hooks/exhaustive-deps

./src/app/ayuda/layout.tsx
61:6  Warning: React Hook useEffect has a missing dependency: 'fetchSummary'. Either include it or remove the dependency array.  react-hooks/exhaustive-deps
63:9  Warning: The 'navItems' array makes the dependencies of useMemo Hook (at line 72) change on every render. Move it inside the useMemo callback. Alternatively, wrap the initialization of 'navItems' in its own useMemo() Hook.  react-hooks/exhaustive-deps

./src/app/ayuda/tickets/page.tsx
77:6  Warning: React Hook useEffect has a missing dependency: 'fetchTickets'. Either include it or remove the dependency array.  react-hooks/exhaustive-deps

./src/app/condominio/gastos-comunes/page.tsx
48:6  Warning: React Hook useEffect has a missing dependency: 'fetchCondoData'. Either include it or remove the dependency array.  react-hooks/exhaustive-deps

./src/app/condominio/medidores/page.tsx
55:6  Warning: React Hook useEffect has a missing dependency: 'fetchMeters'. Either include it or remove the dependency array.  react-hooks/exhaustive-deps

./src/app/condominio/multas-seguros/page.tsx
71:6  Warning: React Hook useEffect has a missing dependency: 'fetchData'. Either include it or remove the dependency array.  react-hooks/exhaustive-deps

./src/app/condominio/pagos/page.tsx
67:6  Warning: React Hook useEffect has a missing dependency: 'fetchCondoData'. Either include it or remove the dependency array.  react-hooks/exhaustive-deps

./src/app/condominio/portal/page.tsx
44:6  Warning: React Hook useEffect has a missing dependency: 'selectedUnitId'. Either include it or remove the dependency array.  react-hooks/exhaustive-deps

./src/app/dashboard/accounting/dte/page.tsx
36:6  Warning: React Hook useEffect has a missing dependency: 'fetchDTEs'. Either include it or remove the dependency array.  react-hooks/exhaustive-deps

./src/app/dashboard/accounting/f29/page.tsx
14:6  Warning: React Hook useEffect has a missing dependency: 'fetchF29Data'. Either include it or remove the dependency array.  react-hooks/exhaustive-deps

./src/app/dashboard/accounting/financial-statements/page.tsx
15:6  Warning: React Hook useEffect has a missing dependency: 'fetchData'. Either include it or remove the dependency array.  react-hooks/exhaustive-deps

./src/app/dashboard/accounting/general-ledger/page.tsx
15:6  Warning: React Hook useEffect has a missing dependency: 'fetchData'. Either include it or remove the dependency array.  react-hooks/exhaustive-deps

./src/app/dashboard/accounting/journal-entries/page.tsx
23:39  Warning: React Hook useEffect has a missing dependency: 'loadEntries'. Either include it or remove the dependency array.  react-hooks/exhaustive-deps

./src/app/dashboard/accounting/journal-entries/[id]/page.tsx
23:37  Warning: React Hook useEffect has a missing dependency: 'loadEntry'. Either include it or remove the dependency array.  react-hooks/exhaustive-deps

./src/app/dashboard/accounting/reconciliation/page.tsx
25:6  Warning: React Hook useEffect has a missing dependency: 'loadAccounts'. Either include it or remove the dependency array.  react-hooks/exhaustive-deps

./src/app/dashboard/accounting/sales-book/page.tsx
14:6  Warning: React Hook useEffect has a missing dependency: 'fetchData'. Either include it or remove the dependency array.  react-hooks/exhaustive-deps

./src/app/dashboard/accounting/sii-config/page.tsx
37:6  Warning: React Hook useEffect has a missing dependency: 'fetchConfig'. Either include it or remove the dependency array.  react-hooks/exhaustive-deps

./src/app/dashboard/billing/[id]/page.tsx
43:39  Warning: React Hook useEffect has a missing dependency: 'loadInvoice'. Either include it or remove the dependency array.  react-hooks/exhaustive-deps

./src/app/dashboard/bodega/page.tsx
76:35  Warning: React Hook useEffect has a missing dependency: 'loadAll'. Either include it or remove the dependency array.  react-hooks/exhaustive-deps

./src/app/dashboard/bodega/sii-book/page.tsx
14:39  Warning: React Hook useEffect has a missing dependency: 'loadEntries'. Either include it or remove the dependency array.  react-hooks/exhaustive-deps

./src/app/dashboard/components/sidebar/app-sidebar.tsx
59:6  Warning: React Hook useEffect has a missing dependency: 't'. Either include it or remove the dependency array.  react-hooks/exhaustive-deps

./src/app/dashboard/components/sidebar/sidebar-breadcrumbs.tsx
253:6  Warning: React Hook useEffect has a missing dependency: 'segments'. Either include it or remove the dependency array.  react-hooks/exhaustive-deps

./src/app/dashboard/crm/page.tsx
26:37  Warning: React Hook useEffect has a missing dependency: 'loadLeads'. Either include it or remove the dependency array.  react-hooks/exhaustive-deps

./src/app/dashboard/customers/components/CustomerActivities.tsx
63:6  Warning: React Hook useEffect has a missing dependency: 'loadActivities'. Either include it or remove the dependency array.  react-hooks/exhaustive-deps

./src/app/dashboard/customers/components/CustomerAddresses.tsx
70:6  Warning: React Hook useEffect has a missing dependency: 'loadAddresses'. Either include it or remove the dependency array.  react-hooks/exhaustive-deps

./src/app/dashboard/customers/components/CustomerContacts.tsx
58:6  Warning: React Hook useEffect has a missing dependency: 'loadContacts'. Either include it or remove the dependency array.  react-hooks/exhaustive-deps

./src/app/dashboard/customers/components/CustomerDocuments.tsx
68:42  Warning: React Hook useEffect has a missing dependency: 'fetchDocuments'. Either include it or remove the dependency array.  react-hooks/exhaustive-deps

./src/app/dashboard/customers/page.tsx
66:6  Warning: React Hook useCallback has a missing dependency: 'rubros'. Either include it or remove the dependency array.  react-hooks/exhaustive-deps

./src/app/dashboard/inventory/batches/page.tsx
34:54  Warning: React Hook useEffect has a missing dependency: 'loadBatches'. Either include it or remove the dependency array.  react-hooks/exhaustive-deps

./src/app/dashboard/inventory/categories/page.tsx
24:43  Warning: React Hook useEffect has a missing dependency: 'fetchCategories'. Either include it or remove the dependency array.  react-hooks/exhaustive-deps
36:43  Warning: React Hook useEffect has a missing dependency: 'fetchCategories'. Either include it or remove the dependency array.  react-hooks/exhaustive-deps

./src/app/dashboard/inventory/components/DeadStockReport.tsx
31:38  Warning: React Hook useEffect has a missing dependency: 'loadReport'. Either include it or remove the dependency array.  react-hooks/exhaustive-deps

./src/app/dashboard/inventory/components/InventoryAuditTrail.tsx
42:39  Warning: React Hook useEffect has a missing dependency: 'loadEntries'. Either include it or remove the dependency array.  react-hooks/exhaustive-deps

./src/app/dashboard/inventory/components/InventoryMovementHistory.tsx
42:41  Warning: React Hook useEffect has a missing dependency: 'loadMovements'. Either include it or remove the dependency array.  react-hooks/exhaustive-deps

./src/app/dashboard/inventory/components/InventorySnapshots.tsx
25:41  Warning: React Hook useEffect has a missing dependency: 'loadSnapshots'. Either include it or remove the dependency array.  react-hooks/exhaustive-deps

./src/app/dashboard/inventory/components/InventoryValuation.tsx
30:38  Warning: React Hook useEffect has a missing dependency: 'loadReport'. Either include it or remove the dependency array.  react-hooks/exhaustive-deps

./src/app/dashboard/inventory/components/ProductImages.tsx
28:38  Warning: React Hook useEffect has a missing dependency: 'loadImages'. Either include it or remove the dependency array.  react-hooks/exhaustive-deps
99:11  Warning: Image elements must have an alt prop, either with meaningful text, or an empty string for decorative images.  jsx-a11y/alt-text
133:11  Warning: Image elements must have an alt prop, either with meaningful text, or an empty string for decorative images.  jsx-a11y/alt-text
140:15  Warning: Using `<img>` could result in slower LCP and higher bandwidth. Consider using `<Image />` from `next/image` to automatically optimize images. This may incur additional usage or cost from your provider. See: https://nextjs.org/docs/messages/no-img-element  @next/next/no-img-element

./src/app/dashboard/inventory/components/ProductSerialNumbers.tsx
37:73  Warning: React Hook useEffect has a missing dependency: 'loadSerials'. Either include it or remove the dependency array.  react-hooks/exhaustive-deps

./src/app/dashboard/inventory/components/StockForecasting.tsx
27:41  Warning: React Hook useEffect has a missing dependency: 'loadForecasts'. Either include it or remove the dependency array.  react-hooks/exhaustive-deps

./src/app/dashboard/inventory/config/page.tsx
81:35  Warning: React Hook useEffect has a missing dependency: 'loadTab'. Either include it or remove the dependency array.  react-hooks/exhaustive-deps

./src/app/dashboard/inventory/counts/page.tsx
60:6  Warning: React Hook useEffect has a missing dependency: 'fetchCounts'. Either include it or remove the dependency array.  react-hooks/exhaustive-deps
64:6  Warning: React Hook useEffect has a missing dependency: 'fetchCounts'. Either include it or remove the dependency array.  react-hooks/exhaustive-deps

./src/app/dashboard/inventory/counts/[id]/page.tsx
39:6  Warning: React Hook useEffect has a missing dependency: 'fetchCount'. Either include it or remove the dependency array.  react-hooks/exhaustive-deps

./src/app/dashboard/inventory/label-designer/page.tsx
73:6  Warning: React Hook useEffect has a missing dependency: 'loadTemplates'. Either include it or remove the dependency array.  react-hooks/exhaustive-deps
341:6  Warning: React Hook useCallback has a missing dependency: 'updateElement'. Either include it or remove the dependency array.  react-hooks/exhaustive-deps

./src/app/dashboard/inventory/new/page.tsx
281:19  Warning: Using `<img>` could result in slower LCP and higher bandwidth. Consider using `<Image />` from `next/image` to automatically optimize images. This may incur additional usage or cost from your provider. See: https://nextjs.org/docs/messages/no-img-element  @next/next/no-img-element

./src/app/dashboard/inventory/page.tsx
234:27  Warning: Using `<img>` could result in slower LCP and higher bandwidth. Consider using `<Image />` from `next/image` to automatically optimize images. This may incur additional usage or cost from your provider. See: https://nextjs.org/docs/messages/no-img-element  @next/next/no-img-element

./src/app/dashboard/inventory/relations/page.tsx
27:36  Warning: React Hook useEffect has a missing dependency: 'loadData'. Either include it or remove the dependency array.  react-hooks/exhaustive-deps

./src/app/dashboard/inventory/reservations/page.tsx
34:59  Warning: React Hook useEffect has a missing dependency: 'loadReservations'. Either include it or remove the dependency array.  react-hooks/exhaustive-deps

./src/app/dashboard/inventory/returns/page.tsx
33:36  Warning: React Hook useEffect has a missing dependency: 'loadData'. Either include it or remove the dependency array.  react-hooks/exhaustive-deps

./src/app/dashboard/inventory/serials/page.tsx
29:36  Warning: React Hook useEffect has a missing dependency: 'loadData'. Either include it or remove the dependency array.  react-hooks/exhaustive-deps

./src/app/dashboard/inventory/tags/page.tsx
28:36  Warning: React Hook useEffect has a missing dependency: 'loadTags'. Either include it or remove the dependency array.  react-hooks/exhaustive-deps

./src/app/dashboard/inventory/taxes/page.tsx
26:38  Warning: React Hook useEffect has a missing dependency: 'fetchTaxes'. Either include it or remove the dependency array.  react-hooks/exhaustive-deps
38:38  Warning: React Hook useEffect has a missing dependency: 'fetchTaxes'. Either include it or remove the dependency array.  react-hooks/exhaustive-deps

./src/app/dashboard/inventory/uom/page.tsx
23:36  Warning: React Hook useEffect has a missing dependency: 'loadUOMs'. Either include it or remove the dependency array.  react-hooks/exhaustive-deps

./src/app/dashboard/inventory/valuation/page.tsx
60:6  Warning: React Hook useEffect has a missing dependency: 'loadData'. Either include it or remove the dependency array.  react-hooks/exhaustive-deps

./src/app/dashboard/inventory/variants/page.tsx
29:56  Warning: React Hook useEffect has a missing dependency: 'loadVariants'. Either include it or remove the dependency array.  react-hooks/exhaustive-deps

./src/app/dashboard/inventory/[id]/edit/page.tsx
351:19  Warning: Using `<img>` could result in slower LCP and higher bandwidth. Consider using `<Image />` from `next/image` to automatically optimize images. This may incur additional usage or cost from your provider. See: https://nextjs.org/docs/messages/no-img-element  @next/next/no-img-element

./src/app/dashboard/inventory/[id]/page.tsx
172:13  Warning: Using `<img>` could result in slower LCP and higher bandwidth. Consider using `<Image />` from `next/image` to automatically optimize images. This may incur additional usage or cost from your provider. See: https://nextjs.org/docs/messages/no-img-element  @next/next/no-img-element

./src/app/dashboard/payroll/components/VacationTab.tsx
80:36  Warning: React Hook useEffect has a missing dependency: 'loadData'. Either include it or remove the dependency array.  react-hooks/exhaustive-deps

./src/app/dashboard/projects/allocation/page.tsx
24:42  Warning: React Hook useEffect has a missing dependency: 'loadAllocation'. Either include it or remove the dependency array.  react-hooks/exhaustive-deps

./src/app/dashboard/projects/components/ActivityLog.tsx
49:42  Warning: React Hook useEffect has a missing dependency: 'loadActivities'. Either include it or remove the dependency array.  react-hooks/exhaustive-deps

./src/app/dashboard/projects/components/AuditLog.tsx
51:37  Warning: React Hook useEffect has a missing dependency: 'loadAudit'. Either include it or remove the dependency array.  react-hooks/exhaustive-deps

./src/app/dashboard/projects/components/AutomationManager.tsx
49:37  Warning: React Hook useEffect has a missing dependency: 'loadRules'. Either include it or remove the dependency array.  react-hooks/exhaustive-deps

./src/app/dashboard/projects/components/BudgetAlerts.tsx
41:6  Warning: React Hook useEffect has a missing dependency: 'loadAlerts'. Either include it or remove the dependency array.  react-hooks/exhaustive-deps

./src/app/dashboard/projects/components/BudgetForecast.tsx
31:40  Warning: React Hook useEffect has a missing dependency: 'loadForecast'. Either include it or remove the dependency array.  react-hooks/exhaustive-deps

./src/app/dashboard/projects/components/NotificationSettings.tsx
42:40  Warning: React Hook useEffect has a missing dependency: 'loadSettings'. Either include it or remove the dependency array.  react-hooks/exhaustive-deps

./src/app/dashboard/projects/components/NotificationsPanel.tsx
41:70  Warning: React Hook useEffect has missing dependencies: 'generateNotifications' and 'loadNotifications'. Either include them or remove the dependency array.  react-hooks/exhaustive-deps

./src/app/dashboard/projects/components/ProjectMembers.tsx
37:39  Warning: React Hook useEffect has a missing dependency: 'loadMembers'. Either include it or remove the dependency array.  react-hooks/exhaustive-deps

./src/app/dashboard/projects/components/ResourceAllocation.tsx
30:41  Warning: React Hook useEffect has a missing dependency: 'loadResources'. Either include it or remove the dependency array.  react-hooks/exhaustive-deps

./src/app/dashboard/projects/components/ResourceAllocationForm.tsx
35:43  Warning: React Hook useEffect has a missing dependency: 'loadAllocations'. Either include it or remove the dependency array.  react-hooks/exhaustive-deps

./src/app/dashboard/projects/components/TaskChangelog.tsx
58:39  Warning: React Hook useEffect has a missing dependency: 'loadEntries'. Either include it or remove the dependency array.  react-hooks/exhaustive-deps

./src/app/dashboard/projects/components/TaskChecklist.tsx
23:37  Warning: React Hook useEffect has a missing dependency: 'loadItems'. Either include it or remove the dependency array.  react-hooks/exhaustive-deps

./src/app/dashboard/projects/components/TaskComments.tsx
30:40  Warning: React Hook useEffect has a missing dependency: 'loadComments'. Either include it or remove the dependency array.  react-hooks/exhaustive-deps

./src/app/dashboard/projects/components/TimerWidget.tsx
33:6  Warning: React Hook useEffect has a missing dependency: 'loadActiveTimer'. Either include it or remove the dependency array.  react-hooks/exhaustive-deps

./src/app/dashboard/projects/reports/page.tsx
12:39  Warning: React Hook useEffect has a missing dependency: 'loadReports'. Either include it or remove the dependency array.  react-hooks/exhaustive-deps

./src/app/dashboard/projects/[id]/page.tsx
109:36  Warning: React Hook useEffect has a missing dependency: 'loadData'. Either include it or remove the dependency array.  react-hooks/exhaustive-deps

./src/app/dashboard/purchases/components/PurchaseBudgets.tsx
13:36  Warning: React Hook useEffect has a missing dependency: 'loadData'. Either include it or remove the dependency array.  react-hooks/exhaustive-deps

./src/app/dashboard/purchases/components/PurchaseReports.tsx
14:38  Warning: React Hook useEffect has a missing dependency: 'loadReport'. Either include it or remove the dependency array.  react-hooks/exhaustive-deps

./src/app/dashboard/purchases/credit-notes/page.tsx
24:38  Warning: React Hook useEffect has a missing dependency: 'fetchNotes'. Either include it or remove the dependency array.  react-hooks/exhaustive-deps

./src/app/dashboard/purchases/debit-notes/page.tsx
24:38  Warning: React Hook useEffect has a missing dependency: 'fetchNotes'. Either include it or remove the dependency array.  react-hooks/exhaustive-deps

./src/app/dashboard/purchases/purchase-book/page.tsx
59:40  Warning: React Hook useEffect has a missing dependency: 'fetchRecords'. Either include it or remove the dependency array.  react-hooks/exhaustive-deps

./src/app/dashboard/purchases/receipts/page.tsx
42:41  Warning: React Hook useEffect has a missing dependency: 'fetchReceipts'. Either include it or remove the dependency array.  react-hooks/exhaustive-deps

./src/app/dashboard/purchases/register/page.tsx
64:40  Warning: React Hook useEffect has a missing dependency: 'fetchRecords'. Either include it or remove the dependency array.  react-hooks/exhaustive-deps

./src/app/dashboard/pwa/offline-queue/page.tsx
43:6  Warning: React Hook useEffect has a missing dependency: 'loadData'. Either include it or remove the dependency array.  react-hooks/exhaustive-deps

./src/app/dashboard/reports/page.tsx
75:36  Warning: React Hook useEffect has a missing dependency: 'loadData'. Either include it or remove the dependency array.  react-hooks/exhaustive-deps

./src/app/dashboard/sales/components/CustomerStatement.tsx
81:63  Warning: React Hook useEffect has a missing dependency: 'loadStatement'. Either include it or remove the dependency array.  react-hooks/exhaustive-deps

./src/app/dashboard/sales/components/SalesCommissions.tsx
35:36  Warning: React Hook useEffect has a missing dependency: 'loadData'. Either include it or remove the dependency array.  react-hooks/exhaustive-deps

./src/app/dashboard/sales/components/SalesReports.tsx
22:38  Warning: React Hook useEffect has a missing dependency: 'loadReport'. Either include it or remove the dependency array.  react-hooks/exhaustive-deps

./src/app/dashboard/sales/delivery/[id]/page.tsx
201:17  Warning: Using `<img>` could result in slower LCP and higher bandwidth. Consider using `<Image />` from `next/image` to automatically optimize images. This may incur additional usage or cost from your provider. See: https://nextjs.org/docs/messages/no-img-element  @next/next/no-img-element

./src/app/dashboard/sales/delivery-guides/[id]/page.tsx
198:17  Warning: Using `<img>` could result in slower LCP and higher bandwidth. Consider using `<Image />` from `next/image` to automatically optimize images. This may incur additional usage or cost from your provider. See: https://nextjs.org/docs/messages/no-img-element  @next/next/no-img-element

./src/app/dashboard/sales/invoices/[id]/page.tsx
217:17  Warning: Using `<img>` could result in slower LCP and higher bandwidth. Consider using `<Image />` from `next/image` to automatically optimize images. This may incur additional usage or cost from your provider. See: https://nextjs.org/docs/messages/no-img-element  @next/next/no-img-element

./src/app/dashboard/sales/quotations/reports/page.tsx
39:38  Warning: React Hook useEffect has a missing dependency: 'loadReport'. Either include it or remove the dependency array.  react-hooks/exhaustive-deps

./src/app/dashboard/sales/quotations/[id]/page.tsx
277:17  Warning: Using `<img>` could result in slower LCP and higher bandwidth. Consider using `<Image />` from `next/image` to automatically optimize images. This may incur additional usage or cost from your provider. See: https://nextjs.org/docs/messages/no-img-element  @next/next/no-img-element

./src/app/dashboard/sales/register/page.tsx
65:40  Warning: React Hook useEffect has a missing dependency: 'fetchRecords'. Either include it or remove the dependency array.  react-hooks/exhaustive-deps

./src/app/dashboard/sales/returns/page.tsx
102:6  Warning: React Hook useEffect has a missing dependency: 'fetchReturns'. Either include it or remove the dependency array.  react-hooks/exhaustive-deps

./src/app/dashboard/settings/empresa/page.tsx
326:19  Warning: Using `<img>` could result in slower LCP and higher bandwidth. Consider using `<Image />` from `next/image` to automatically optimize images. This may incur additional usage or cost from your provider. See: https://nextjs.org/docs/messages/no-img-element  @next/next/no-img-element

./src/app/dashboard/settings/tabs/SupportAccessTab.tsx
39:6  Warning: React Hook useEffect has a missing dependency: 'fetchGrants'. Either include it or remove the dependency array.  react-hooks/exhaustive-deps

./src/app/hr/components/sidebar/hr-sidebar-navigation.tsx
86:6  Warning: React Hook useEffect has a missing dependency: 'checkIsItemActive'. Either include it or remove the dependency array.  react-hooks/exhaustive-deps

./src/app/mi-cuenta/components/ModulesTab.tsx
45:6  Warning: React Hook useEffect has a missing dependency: 'loadData'. Either include it or remove the dependency array.  react-hooks/exhaustive-deps

./src/app/projects/[id]/page.tsx
59:51  Warning: React Hook useEffect has a missing dependency: 'loadData'. Either include it or remove the dependency array.  react-hooks/exhaustive-deps

./src/app/recetas/expenses/page.tsx
86:36  Warning: React Hook useEffect has a missing dependency: 'loadData'. Either include it or remove the dependency array.  react-hooks/exhaustive-deps

./src/app/recetas/layout.tsx
20:9  Warning: The 'navItems' array makes the dependencies of useMemo Hook (at line 36) change on every render. Move it inside the useMemo callback. Alternatively, wrap the initialization of 'navItems' in its own useMemo() Hook.  react-hooks/exhaustive-deps

./src/app/recetas/page.tsx
32:36  Warning: React Hook useEffect has a missing dependency: 'loadData'. Either include it or remove the dependency array.  react-hooks/exhaustive-deps

./src/app/recetas/sales/page.tsx
58:6  Warning: React Hook useCallback has an unnecessary dependency: 'refreshKey'. Either exclude it or remove the dependency array.  react-hooks/exhaustive-deps

./src/app/recetas/stock/page.tsx
52:6  Warning: React Hook useEffect has a missing dependency: 'loadHistory'. Either include it or remove the dependency array.  react-hooks/exhaustive-deps

./src/app/recetas/[id]/page.tsx
43:51  Warning: React Hook useEffect has a missing dependency: 'loadData'. Either include it or remove the dependency array.  react-hooks/exhaustive-deps

./src/app/restaurant/components/sidebar/restaurant-sidebar-navigation.tsx
95:6  Warning: React Hook useEffect has a missing dependency: 'checkIsItemActive'. Either include it or remove the dependency array.  react-hooks/exhaustive-deps

./src/app/veterinaria/components/sidebar/veterinary-sidebar-navigation.tsx
59:6  Warning: React Hook useEffect has a missing dependency: 'checkIsGroupActive'. Either include it or remove the dependency array.  react-hooks/exhaustive-deps

./src/app/view/[type]/[id]/page.tsx
142:19  Warning: Using `<img>` could result in slower LCP and higher bandwidth. Consider using `<Image />` from `next/image` to automatically optimize images. This may incur additional usage or cost from your provider. See: https://nextjs.org/docs/messages/no-img-element  @next/next/no-img-element

./src/app/[locale]/admin/audit/page.tsx
46:6  Warning: React Hook useEffect has missing dependencies: 'fetchCompanies', 'fetchEntries', and 'fetchSuperAdmins'. Either include them or remove the dependency array.  react-hooks/exhaustive-deps

./src/app/[locale]/admin/billing/page.tsx
43:6  Warning: React Hook useEffect has a missing dependency: 'fetchData'. Either include it or remove the dependency array.  react-hooks/exhaustive-deps

./src/app/[locale]/admin/companies/[id]/page.tsx
48:6  Warning: React Hook useEffect has a missing dependency: 'fetchCompany'. Either include it or remove the dependency array.  react-hooks/exhaustive-deps

./src/app/[locale]/admin/grants/page.tsx
39:6  Warning: React Hook useEffect has missing dependencies: 'fetchCompanies' and 'fetchGrants'. Either include them or remove the dependency array.  react-hooks/exhaustive-deps

./src/app/[locale]/admin/notifications/page.tsx
35:6  Warning: React Hook useEffect has missing dependencies: 'fetchCompanies' and 'fetchNotifications'. Either include them or remove the dependency array.  react-hooks/exhaustive-deps

./src/app/[locale]/admin/settings/page.tsx
32:6  Warning: React Hook useEffect has a missing dependency: 'fetchAdmins'. Either include it or remove the dependency array.  react-hooks/exhaustive-deps

./src/app/[locale]/admin/support/faq/page.tsx
55:6  Warning: React Hook useEffect has a missing dependency: 'fetchItems'. Either include it or remove the dependency array.  react-hooks/exhaustive-deps

./src/app/[locale]/admin/support/page.tsx
84:6  Warning: React Hook useEffect has missing dependencies: 'fetchCompanies', 'fetchSuperAdmins', and 'fetchTickets'. Either include them or remove the dependency array.  react-hooks/exhaustive-deps

./src/app/[locale]/admin/users/page.tsx
29:6  Warning: React Hook useEffect has a missing dependency: 'fetchUsers'. Either include it or remove the dependency array.  react-hooks/exhaustive-deps

./src/app/[locale]/ayuda/layout.tsx
61:6  Warning: React Hook useEffect has a missing dependency: 'fetchSummary'. Either include it or remove the dependency array.  react-hooks/exhaustive-deps
63:9  Warning: The 'navItems' array makes the dependencies of useMemo Hook (at line 72) change on every render. Move it inside the useMemo callback. Alternatively, wrap the initialization of 'navItems' in its own useMemo() Hook.  react-hooks/exhaustive-deps

./src/app/[locale]/ayuda/tickets/page.tsx
77:6  Warning: React Hook useEffect has a missing dependency: 'fetchTickets'. Either include it or remove the dependency array.  react-hooks/exhaustive-deps

./src/app/[locale]/condominio/gastos-comunes/page.tsx
48:6  Warning: React Hook useEffect has a missing dependency: 'fetchCondoData'. Either include it or remove the dependency array.  react-hooks/exhaustive-deps

./src/app/[locale]/condominio/medidores/page.tsx
55:6  Warning: React Hook useEffect has a missing dependency: 'fetchMeters'. Either include it or remove the dependency array.  react-hooks/exhaustive-deps

./src/app/[locale]/condominio/multas-seguros/page.tsx
71:6  Warning: React Hook useEffect has a missing dependency: 'fetchData'. Either include it or remove the dependency array.  react-hooks/exhaustive-deps

./src/app/[locale]/condominio/pagos/page.tsx
67:6  Warning: React Hook useEffect has a missing dependency: 'fetchCondoData'. Either include it or remove the dependency array.  react-hooks/exhaustive-deps

./src/app/[locale]/condominio/portal/page.tsx
44:6  Warning: React Hook useEffect has a missing dependency: 'selectedUnitId'. Either include it or remove the dependency array.  react-hooks/exhaustive-deps

./src/app/[locale]/dashboard/accounting/f29/page.tsx
14:6  Warning: React Hook useEffect has a missing dependency: 'fetchF29Data'. Either include it or remove the dependency array.  react-hooks/exhaustive-deps

./src/app/[locale]/dashboard/accounting/financial-statements/page.tsx
15:6  Warning: React Hook useEffect has a missing dependency: 'fetchData'. Either include it or remove the dependency array.  react-hooks/exhaustive-deps

./src/app/[locale]/dashboard/accounting/general-ledger/page.tsx
15:6  Warning: React Hook useEffect has a missing dependency: 'fetchData'. Either include it or remove the dependency array.  react-hooks/exhaustive-deps

./src/app/[locale]/dashboard/accounting/journal-entries/page.tsx
23:39  Warning: React Hook useEffect has a missing dependency: 'loadEntries'. Either include it or remove the dependency array.  react-hooks/exhaustive-deps

./src/app/[locale]/dashboard/accounting/journal-entries/[id]/page.tsx
23:37  Warning: React Hook useEffect has a missing dependency: 'loadEntry'. Either include it or remove the dependency array.  react-hooks/exhaustive-deps

./src/app/[locale]/dashboard/accounting/reconciliation/page.tsx
25:6  Warning: React Hook useEffect has a missing dependency: 'loadAccounts'. Either include it or remove the dependency array.  react-hooks/exhaustive-deps

./src/app/[locale]/dashboard/accounting/sales-book/page.tsx
14:6  Warning: React Hook useEffect has a missing dependency: 'fetchData'. Either include it or remove the dependency array.  react-hooks/exhaustive-deps

./src/app/[locale]/dashboard/billing/[id]/page.tsx
43:39  Warning: React Hook useEffect has a missing dependency: 'loadInvoice'. Either include it or remove the dependency array.  react-hooks/exhaustive-deps

./src/app/[locale]/dashboard/bodega/page.tsx
76:35  Warning: React Hook useEffect has a missing dependency: 'loadAll'. Either include it or remove the dependency array.  react-hooks/exhaustive-deps

./src/app/[locale]/dashboard/bodega/sii-book/page.tsx
14:39  Warning: React Hook useEffect has a missing dependency: 'loadEntries'. Either include it or remove the dependency array.  react-hooks/exhaustive-deps

./src/app/[locale]/dashboard/components/sidebar/app-sidebar.tsx
59:6  Warning: React Hook useEffect has a missing dependency: 't'. Either include it or remove the dependency array.  react-hooks/exhaustive-deps

./src/app/[locale]/dashboard/components/sidebar/sidebar-breadcrumbs.tsx
253:6  Warning: React Hook useEffect has a missing dependency: 'segments'. Either include it or remove the dependency array.  react-hooks/exhaustive-deps

./src/app/[locale]/dashboard/crm/page.tsx
26:37  Warning: React Hook useEffect has a missing dependency: 'loadLeads'. Either include it or remove the dependency array.  react-hooks/exhaustive-deps

./src/app/[locale]/dashboard/customers/components/CustomerActivities.tsx
63:6  Warning: React Hook useEffect has a missing dependency: 'loadActivities'. Either include it or remove the dependency array.  react-hooks/exhaustive-deps

./src/app/[locale]/dashboard/customers/components/CustomerAddresses.tsx
70:6  Warning: React Hook useEffect has a missing dependency: 'loadAddresses'. Either include it or remove the dependency array.  react-hooks/exhaustive-deps

./src/app/[locale]/dashboard/customers/components/CustomerContacts.tsx
58:6  Warning: React Hook useEffect has a missing dependency: 'loadContacts'. Either include it or remove the dependency array.  react-hooks/exhaustive-deps

./src/app/[locale]/dashboard/customers/components/CustomerDocuments.tsx
68:42  Warning: React Hook useEffect has a missing dependency: 'fetchDocuments'. Either include it or remove the dependency array.  react-hooks/exhaustive-deps

./src/app/[locale]/dashboard/customers/page.tsx
66:6  Warning: React Hook useCallback has a missing dependency: 'rubros'. Either include it or remove the dependency array.  react-hooks/exhaustive-deps

./src/app/[locale]/dashboard/inventory/batches/page.tsx
34:54  Warning: React Hook useEffect has a missing dependency: 'loadBatches'. Either include it or remove the dependency array.  react-hooks/exhaustive-deps

./src/app/[locale]/dashboard/inventory/categories/page.tsx
24:43  Warning: React Hook useEffect has a missing dependency: 'fetchCategories'. Either include it or remove the dependency array.  react-hooks/exhaustive-deps
36:43  Warning: React Hook useEffect has a missing dependency: 'fetchCategories'. Either include it or remove the dependency array.  react-hooks/exhaustive-deps

./src/app/[locale]/dashboard/inventory/components/DeadStockReport.tsx
31:38  Warning: React Hook useEffect has a missing dependency: 'loadReport'. Either include it or remove the dependency array.  react-hooks/exhaustive-deps

./src/app/[locale]/dashboard/inventory/components/InventoryAuditTrail.tsx
42:39  Warning: React Hook useEffect has a missing dependency: 'loadEntries'. Either include it or remove the dependency array.  react-hooks/exhaustive-deps

./src/app/[locale]/dashboard/inventory/components/InventoryMovementHistory.tsx
42:41  Warning: React Hook useEffect has a missing dependency: 'loadMovements'. Either include it or remove the dependency array.  react-hooks/exhaustive-deps

./src/app/[locale]/dashboard/inventory/components/InventorySnapshots.tsx
25:41  Warning: React Hook useEffect has a missing dependency: 'loadSnapshots'. Either include it or remove the dependency array.  react-hooks/exhaustive-deps

./src/app/[locale]/dashboard/inventory/components/InventoryValuation.tsx
30:38  Warning: React Hook useEffect has a missing dependency: 'loadReport'. Either include it or remove the dependency array.  react-hooks/exhaustive-deps

./src/app/[locale]/dashboard/inventory/components/ProductImages.tsx
28:38  Warning: React Hook useEffect has a missing dependency: 'loadImages'. Either include it or remove the dependency array.  react-hooks/exhaustive-deps
99:11  Warning: Image elements must have an alt prop, either with meaningful text, or an empty string for decorative images.  jsx-a11y/alt-text
133:11  Warning: Image elements must have an alt prop, either with meaningful text, or an empty string for decorative images.  jsx-a11y/alt-text
140:15  Warning: Using `<img>` could result in slower LCP and higher bandwidth. Consider using `<Image />` from `next/image` to automatically optimize images. This may incur additional usage or cost from your provider. See: https://nextjs.org/docs/messages/no-img-element  @next/next/no-img-element

./src/app/[locale]/dashboard/inventory/components/ProductSerialNumbers.tsx
37:73  Warning: React Hook useEffect has a missing dependency: 'loadSerials'. Either include it or remove the dependency array.  react-hooks/exhaustive-deps

./src/app/[locale]/dashboard/inventory/components/StockForecasting.tsx
27:41  Warning: React Hook useEffect has a missing dependency: 'loadForecasts'. Either include it or remove the dependency array.  react-hooks/exhaustive-deps

./src/app/[locale]/dashboard/inventory/config/page.tsx
81:35  Warning: React Hook useEffect has a missing dependency: 'loadTab'. Either include it or remove the dependency array.  react-hooks/exhaustive-deps

./src/app/[locale]/dashboard/inventory/counts/page.tsx
60:6  Warning: React Hook useEffect has a missing dependency: 'fetchCounts'. Either include it or remove the dependency array.  react-hooks/exhaustive-deps
64:6  Warning: React Hook useEffect has a missing dependency: 'fetchCounts'. Either include it or remove the dependency array.  react-hooks/exhaustive-deps

./src/app/[locale]/dashboard/inventory/counts/[id]/page.tsx
39:6  Warning: React Hook useEffect has a missing dependency: 'fetchCount'. Either include it or remove the dependency array.  react-hooks/exhaustive-deps

./src/app/[locale]/dashboard/inventory/label-designer/page.tsx
73:6  Warning: React Hook useEffect has a missing dependency: 'loadTemplates'. Either include it or remove the dependency array.  react-hooks/exhaustive-deps
341:6  Warning: React Hook useCallback has a missing dependency: 'updateElement'. Either include it or remove the dependency array.  react-hooks/exhaustive-deps

./src/app/[locale]/dashboard/inventory/new/page.tsx
281:19  Warning: Using `<img>` could result in slower LCP and higher bandwidth. Consider using `<Image />` from `next/image` to automatically optimize images. This may incur additional usage or cost from your provider. See: https://nextjs.org/docs/messages/no-img-element  @next/next/no-img-element

./src/app/[locale]/dashboard/inventory/page.tsx
234:27  Warning: Using `<img>` could result in slower LCP and higher bandwidth. Consider using `<Image />` from `next/image` to automatically optimize images. This may incur additional usage or cost from your provider. See: https://nextjs.org/docs/messages/no-img-element  @next/next/no-img-element

./src/app/[locale]/dashboard/inventory/relations/page.tsx
27:36  Warning: React Hook useEffect has a missing dependency: 'loadData'. Either include it or remove the dependency array.  react-hooks/exhaustive-deps

./src/app/[locale]/dashboard/inventory/reservations/page.tsx
34:59  Warning: React Hook useEffect has a missing dependency: 'loadReservations'. Either include it or remove the dependency array.  react-hooks/exhaustive-deps

./src/app/[locale]/dashboard/inventory/returns/page.tsx
33:36  Warning: React Hook useEffect has a missing dependency: 'loadData'. Either include it or remove the dependency array.  react-hooks/exhaustive-deps

./src/app/[locale]/dashboard/inventory/serials/page.tsx
29:36  Warning: React Hook useEffect has a missing dependency: 'loadData'. Either include it or remove the dependency array.  react-hooks/exhaustive-deps

./src/app/[locale]/dashboard/inventory/tags/page.tsx
28:36  Warning: React Hook useEffect has a missing dependency: 'loadTags'. Either include it or remove the dependency array.  react-hooks/exhaustive-deps

./src/app/[locale]/dashboard/inventory/taxes/page.tsx
26:38  Warning: React Hook useEffect has a missing dependency: 'fetchTaxes'. Either include it or remove the dependency array.  react-hooks/exhaustive-deps
38:38  Warning: React Hook useEffect has a missing dependency: 'fetchTaxes'. Either include it or remove the dependency array.  react-hooks/exhaustive-deps

./src/app/[locale]/dashboard/inventory/uom/page.tsx
23:36  Warning: React Hook useEffect has a missing dependency: 'loadUOMs'. Either include it or remove the dependency array.  react-hooks/exhaustive-deps

./src/app/[locale]/dashboard/inventory/valuation/page.tsx
60:6  Warning: React Hook useEffect has a missing dependency: 'loadData'. Either include it or remove the dependency array.  react-hooks/exhaustive-deps

./src/app/[locale]/dashboard/inventory/variants/page.tsx
29:56  Warning: React Hook useEffect has a missing dependency: 'loadVariants'. Either include it or remove the dependency array.  react-hooks/exhaustive-deps

./src/app/[locale]/dashboard/inventory/[id]/edit/page.tsx
351:19  Warning: Using `<img>` could result in slower LCP and higher bandwidth. Consider using `<Image />` from `next/image` to automatically optimize images. This may incur additional usage or cost from your provider. See: https://nextjs.org/docs/messages/no-img-element  @next/next/no-img-element

./src/app/[locale]/dashboard/inventory/[id]/page.tsx
172:13  Warning: Using `<img>` could result in slower LCP and higher bandwidth. Consider using `<Image />` from `next/image` to automatically optimize images. This may incur additional usage or cost from your provider. See: https://nextjs.org/docs/messages/no-img-element  @next/next/no-img-element

./src/app/[locale]/dashboard/payroll/components/VacationTab.tsx
80:36  Warning: React Hook useEffect has a missing dependency: 'loadData'. Either include it or remove the dependency array.  react-hooks/exhaustive-deps

./src/app/[locale]/dashboard/projects/allocation/page.tsx
24:42  Warning: React Hook useEffect has a missing dependency: 'loadAllocation'. Either include it or remove the dependency array.  react-hooks/exhaustive-deps

./src/app/[locale]/dashboard/projects/components/ActivityLog.tsx
49:42  Warning: React Hook useEffect has a missing dependency: 'loadActivities'. Either include it or remove the dependency array.  react-hooks/exhaustive-deps

./src/app/[locale]/dashboard/projects/components/AuditLog.tsx
51:37  Warning: React Hook useEffect has a missing dependency: 'loadAudit'. Either include it or remove the dependency array.  react-hooks/exhaustive-deps

./src/app/[locale]/dashboard/projects/components/AutomationManager.tsx
49:37  Warning: React Hook useEffect has a missing dependency: 'loadRules'. Either include it or remove the dependency array.  react-hooks/exhaustive-deps

./src/app/[locale]/dashboard/projects/components/BudgetAlerts.tsx
41:6  Warning: React Hook useEffect has a missing dependency: 'loadAlerts'. Either include it or remove the dependency array.  react-hooks/exhaustive-deps

./src/app/[locale]/dashboard/projects/components/BudgetForecast.tsx
31:40  Warning: React Hook useEffect has a missing dependency: 'loadForecast'. Either include it or remove the dependency array.  react-hooks/exhaustive-deps

./src/app/[locale]/dashboard/projects/components/NotificationSettings.tsx
42:40  Warning: React Hook useEffect has a missing dependency: 'loadSettings'. Either include it or remove the dependency array.  react-hooks/exhaustive-deps

./src/app/[locale]/dashboard/projects/components/NotificationsPanel.tsx
41:70  Warning: React Hook useEffect has missing dependencies: 'generateNotifications' and 'loadNotifications'. Either include them or remove the dependency array.  react-hooks/exhaustive-deps

./src/app/[locale]/dashboard/projects/components/ProjectMembers.tsx
37:39  Warning: React Hook useEffect has a missing dependency: 'loadMembers'. Either include it or remove the dependency array.  react-hooks/exhaustive-deps

./src/app/[locale]/dashboard/projects/components/ResourceAllocation.tsx
30:41  Warning: React Hook useEffect has a missing dependency: 'loadResources'. Either include it or remove the dependency array.  react-hooks/exhaustive-deps

./src/app/[locale]/dashboard/projects/components/ResourceAllocationForm.tsx
35:43  Warning: React Hook useEffect has a missing dependency: 'loadAllocations'. Either include it or remove the dependency array.  react-hooks/exhaustive-deps

./src/app/[locale]/dashboard/projects/components/TaskChangelog.tsx
58:39  Warning: React Hook useEffect has a missing dependency: 'loadEntries'. Either include it or remove the dependency array.  react-hooks/exhaustive-deps

./src/app/[locale]/dashboard/projects/components/TaskChecklist.tsx
23:37  Warning: React Hook useEffect has a missing dependency: 'loadItems'. Either include it or remove the dependency array.  react-hooks/exhaustive-deps

./src/app/[locale]/dashboard/projects/components/TaskComments.tsx
30:40  Warning: React Hook useEffect has a missing dependency: 'loadComments'. Either include it or remove the dependency array.  react-hooks/exhaustive-deps

./src/app/[locale]/dashboard/projects/components/TimerWidget.tsx
33:6  Warning: React Hook useEffect has a missing dependency: 'loadActiveTimer'. Either include it or remove the dependency array.  react-hooks/exhaustive-deps

./src/app/[locale]/dashboard/projects/reports/page.tsx
12:39  Warning: React Hook useEffect has a missing dependency: 'loadReports'. Either include it or remove the dependency array.  react-hooks/exhaustive-deps

./src/app/[locale]/dashboard/projects/[id]/page.tsx
109:36  Warning: React Hook useEffect has a missing dependency: 'loadData'. Either include it or remove the dependency array.  react-hooks/exhaustive-deps

./src/app/[locale]/dashboard/purchases/components/PurchaseBudgets.tsx
13:36  Warning: React Hook useEffect has a missing dependency: 'loadData'. Either include it or remove the dependency array.  react-hooks/exhaustive-deps

./src/app/[locale]/dashboard/purchases/components/PurchaseReports.tsx
14:38  Warning: React Hook useEffect has a missing dependency: 'loadReport'. Either include it or remove the dependency array.  react-hooks/exhaustive-deps

./src/app/[locale]/dashboard/purchases/credit-notes/page.tsx
24:38  Warning: React Hook useEffect has a missing dependency: 'fetchNotes'. Either include it or remove the dependency array.  react-hooks/exhaustive-deps

./src/app/[locale]/dashboard/purchases/debit-notes/page.tsx
24:38  Warning: React Hook useEffect has a missing dependency: 'fetchNotes'. Either include it or remove the dependency array.  react-hooks/exhaustive-deps

./src/app/[locale]/dashboard/purchases/purchase-book/page.tsx
59:40  Warning: React Hook useEffect has a missing dependency: 'fetchRecords'. Either include it or remove the dependency array.  react-hooks/exhaustive-deps

./src/app/[locale]/dashboard/purchases/receipts/page.tsx
42:41  Warning: React Hook useEffect has a missing dependency: 'fetchReceipts'. Either include it or remove the dependency array.  react-hooks/exhaustive-deps

./src/app/[locale]/dashboard/purchases/register/page.tsx
64:40  Warning: React Hook useEffect has a missing dependency: 'fetchRecords'. Either include it or remove the dependency array.  react-hooks/exhaustive-deps

./src/app/[locale]/dashboard/pwa/offline-queue/page.tsx
43:6  Warning: React Hook useEffect has a missing dependency: 'loadData'. Either include it or remove the dependency array.  react-hooks/exhaustive-deps

./src/app/[locale]/dashboard/reports/page.tsx
75:36  Warning: React Hook useEffect has a missing dependency: 'loadData'. Either include it or remove the dependency array.  react-hooks/exhaustive-deps

./src/app/[locale]/dashboard/sales/components/CustomerStatement.tsx
81:63  Warning: React Hook useEffect has a missing dependency: 'loadStatement'. Either include it or remove the dependency array.  react-hooks/exhaustive-deps

./src/app/[locale]/dashboard/sales/components/SalesCommissions.tsx
35:36  Warning: React Hook useEffect has a missing dependency: 'loadData'. Either include it or remove the dependency array.  react-hooks/exhaustive-deps

./src/app/[locale]/dashboard/sales/components/SalesReports.tsx
22:38  Warning: React Hook useEffect has a missing dependency: 'loadReport'. Either include it or remove the dependency array.  react-hooks/exhaustive-deps

./src/app/[locale]/dashboard/sales/delivery/[id]/page.tsx
201:17  Warning: Using `<img>` could result in slower LCP and higher bandwidth. Consider using `<Image />` from `next/image` to automatically optimize images. This may incur additional usage or cost from your provider. See: https://nextjs.org/docs/messages/no-img-element  @next/next/no-img-element

./src/app/[locale]/dashboard/sales/delivery-guides/[id]/page.tsx
198:17  Warning: Using `<img>` could result in slower LCP and higher bandwidth. Consider using `<Image />` from `next/image` to automatically optimize images. This may incur additional usage or cost from your provider. See: https://nextjs.org/docs/messages/no-img-element  @next/next/no-img-element

./src/app/[locale]/dashboard/sales/invoices/[id]/page.tsx
217:17  Warning: Using `<img>` could result in slower LCP and higher bandwidth. Consider using `<Image />` from `next/image` to automatically optimize images. This may incur additional usage or cost from your provider. See: https://nextjs.org/docs/messages/no-img-element  @next/next/no-img-element

./src/app/[locale]/dashboard/sales/quotations/reports/page.tsx
39:38  Warning: React Hook useEffect has a missing dependency: 'loadReport'. Either include it or remove the dependency array.  react-hooks/exhaustive-deps

./src/app/[locale]/dashboard/sales/quotations/[id]/page.tsx
277:17  Warning: Using `<img>` could result in slower LCP and higher bandwidth. Consider using `<Image />` from `next/image` to automatically optimize images. This may incur additional usage or cost from your provider. See: https://nextjs.org/docs/messages/no-img-element  @next/next/no-img-element

./src/app/[locale]/dashboard/sales/register/page.tsx
65:40  Warning: React Hook useEffect has a missing dependency: 'fetchRecords'. Either include it or remove the dependency array.  react-hooks/exhaustive-deps

./src/app/[locale]/dashboard/sales/returns/page.tsx
102:6  Warning: React Hook useEffect has a missing dependency: 'fetchReturns'. Either include it or remove the dependency array.  react-hooks/exhaustive-deps

./src/app/[locale]/dashboard/settings/empresa/page.tsx
326:19  Warning: Using `<img>` could result in slower LCP and higher bandwidth. Consider using `<Image />` from `next/image` to automatically optimize images. This may incur additional usage or cost from your provider. See: https://nextjs.org/docs/messages/no-img-element  @next/next/no-img-element

./src/app/[locale]/dashboard/settings/tabs/SupportAccessTab.tsx
39:6  Warning: React Hook useEffect has a missing dependency: 'fetchGrants'. Either include it or remove the dependency array.  react-hooks/exhaustive-deps

./src/app/[locale]/hr/components/sidebar/hr-sidebar-navigation.tsx
86:6  Warning: React Hook useEffect has a missing dependency: 'checkIsItemActive'. Either include it or remove the dependency array.  react-hooks/exhaustive-deps

./src/app/[locale]/mi-cuenta/components/ModulesTab.tsx
45:6  Warning: React Hook useEffect has a missing dependency: 'loadData'. Either include it or remove the dependency array.  react-hooks/exhaustive-deps

./src/app/[locale]/projects/[id]/page.tsx
59:51  Warning: React Hook useEffect has a missing dependency: 'loadData'. Either include it or remove the dependency array.  react-hooks/exhaustive-deps

./src/app/[locale]/recetas/expenses/page.tsx
86:36  Warning: React Hook useEffect has a missing dependency: 'loadData'. Either include it or remove the dependency array.  react-hooks/exhaustive-deps

./src/app/[locale]/recetas/layout.tsx
20:9  Warning: The 'navItems' array makes the dependencies of useMemo Hook (at line 36) change on every render. Move it inside the useMemo callback. Alternatively, wrap the initialization of 'navItems' in its own useMemo() Hook.  react-hooks/exhaustive-deps

./src/app/[locale]/recetas/page.tsx
32:36  Warning: React Hook useEffect has a missing dependency: 'loadData'. Either include it or remove the dependency array.  react-hooks/exhaustive-deps

./src/app/[locale]/recetas/sales/page.tsx
58:6  Warning: React Hook useCallback has an unnecessary dependency: 'refreshKey'. Either exclude it or remove the dependency array.  react-hooks/exhaustive-deps

./src/app/[locale]/recetas/stock/page.tsx
52:6  Warning: React Hook useEffect has a missing dependency: 'loadHistory'. Either include it or remove the dependency array.  react-hooks/exhaustive-deps

./src/app/[locale]/recetas/[id]/page.tsx
43:51  Warning: React Hook useEffect has a missing dependency: 'loadData'. Either include it or remove the dependency array.  react-hooks/exhaustive-deps

./src/app/[locale]/restaurant/components/sidebar/restaurant-sidebar-navigation.tsx
95:6  Warning: React Hook useEffect has a missing dependency: 'checkIsItemActive'. Either include it or remove the dependency array.  react-hooks/exhaustive-deps

./src/app/[locale]/veterinaria/components/sidebar/veterinary-sidebar-navigation.tsx
59:6  Warning: React Hook useEffect has a missing dependency: 'checkIsGroupActive'. Either include it or remove the dependency array.  react-hooks/exhaustive-deps

./src/app/[locale]/view/view/[type]/[id]/page.tsx
142:19  Warning: Using `<img>` could result in slower LCP and higher bandwidth. Consider using `<Image />` from `next/image` to automatically optimize images. This may incur additional usage or cost from your provider. See: https://nextjs.org/docs/messages/no-img-element  @next/next/no-img-element

./src/app/[locale]/view/[type]/[id]/page.tsx
142:19  Warning: Using `<img>` could result in slower LCP and higher bandwidth. Consider using `<Image />` from `next/image` to automatically optimize images. This may incur additional usage or cost from your provider. See: https://nextjs.org/docs/messages/no-img-element  @next/next/no-img-element

./src/components/support/support-widget.tsx
108:6  Warning: React Hook useEffect has a missing dependency: 'fetchUnread'. Either include it or remove the dependency array.  react-hooks/exhaustive-deps
112:6  Warning: React Hook useEffect has a missing dependency: 'open'. Either include it or remove the dependency array.  react-hooks/exhaustive-deps
180:6  Warning: React Hook useEffect has missing dependencies: 'refreshTicket' and 'ticket'. Either include them or remove the dependency array.  react-hooks/exhaustive-deps

info  - Need to disable some ESLint rules? Learn more here: https://nextjs.org/docs/basic-features/eslint#disabling-rules
   Collecting page data ...
   Generating static pages (0/281) ...
node.exe : Error fetching fixed assets: ex [Error]: Dynamic server usage: Page couldn't be rendered statically because 
it used `request.url`. See more info here: https://nextjs.org/docs/messages/dynamic-server-error
At line:1 char:1
+ & "C:\Program Files\nodejs/node.exe" "C:\Program Files\nodejs/node_mo ...
+ ~~~~~~~~~~~~~~~~~~~~~~~~~~~~~~~~~~~~~~~~~~~~~~~~~~~~~~~~~~~~~~~~~~~~~
    + CategoryInfo          : NotSpecified: (Error fetching ...ic-server-error:String) [], RemoteException
    + FullyQualifiedErrorId : NativeCommandError
 
    at Object.eP [as staticGenerationBailout] (C:\Users\Rodrigo\Documents\Proyectos\yellow-house\node_modules\next\dist
\compiled\next-server\app-route.runtime.prod.js:6:29358)
    at i (C:\Users\Rodrigo\Documents\Proyectos\yellow-house\node_modules\next\dist\compiled\next-server\app-route.runti
me.prod.js:6:34692)
    at Object.get (C:\Users\Rodrigo\Documents\Proyectos\yellow-house\node_modules\next\dist\compiled\next-server\app-ro
ute.runtime.prod.js:6:34788)
    at n (C:\Users\Rodrigo\Documents\Proyectos\yellow-house\apps\web\.next\server\app\api\accounting\fixed-assets\route
.js:1:507)
    at C:\Users\Rodrigo\Documents\Proyectos\yellow-house\node_modules\next\dist\compiled\next-server\app-route.runtime.
prod.js:6:42490
    at C:\Users\Rodrigo\Documents\Proyectos\yellow-house\node_modules\next\dist\server\lib\trace\tracer.js:133:36
    at NoopContextManager.with 
(C:\Users\Rodrigo\Documents\Proyectos\yellow-house\node_modules\next\dist\compiled\@opentelemetry\api\index.js:1:7062)
    at ContextAPI.with 
(C:\Users\Rodrigo\Documents\Proyectos\yellow-house\node_modules\next\dist\compiled\@opentelemetry\api\index.js:1:518)
    at NoopTracer.startActiveSpan 
(C:\Users\Rodrigo\Documents\Proyectos\yellow-house\node_modules\next\dist\compiled\@opentelemetry\api\index.js:1:18093)
    at ProxyTracer.startActiveSpan (C:\Users\Rodrigo\Documents\Proyectos\yellow-house\node_modules\next\dist\compiled\@
opentelemetry\api\index.js:1:18854) {
  description: "Page couldn't be rendered statically because it used `request.url`. See more info here: 
https://nextjs.org/docs/messages/dynamic-server-error",
  digest: 'DYNAMIC_SERVER_USAGE'
}
Error generating financial statements: ex [Error]: Dynamic server usage: Page couldn't be rendered statically because 
it used `request.url`. See more info here: https://nextjs.org/docs/messages/dynamic-server-error
    at Object.eP [as staticGenerationBailout] (C:\Users\Rodrigo\Documents\Proyectos\yellow-house\node_modules\next\dist
\compiled\next-server\app-route.runtime.prod.js:6:29358)
    at i (C:\Users\Rodrigo\Documents\Proyectos\yellow-house\node_modules\next\dist\compiled\next-server\app-route.runti
me.prod.js:6:34692)
    at Object.get (C:\Users\Rodrigo\Documents\Proyectos\yellow-house\node_modules\next\dist\compiled\next-server\app-ro
ute.runtime.prod.js:6:34788)
    at n (C:\Users\Rodrigo\Documents\Proyectos\yellow-house\apps\web\.next\server\app\api\accounting\financial-statemen
ts\route.js:1:506)
    at C:\Users\Rodrigo\Documents\Proyectos\yellow-house\node_modules\next\dist\compiled\next-server\app-route.runtime.
prod.js:6:42490
    at C:\Users\Rodrigo\Documents\Proyectos\yellow-house\node_modules\next\dist\server\lib\trace\tracer.js:133:36
    at NoopContextManager.with 
(C:\Users\Rodrigo\Documents\Proyectos\yellow-house\node_modules\next\dist\compiled\@opentelemetry\api\index.js:1:7062)
    at ContextAPI.with 
(C:\Users\Rodrigo\Documents\Proyectos\yellow-house\node_modules\next\dist\compiled\@opentelemetry\api\index.js:1:518)
    at NoopTracer.startActiveSpan 
(C:\Users\Rodrigo\Documents\Proyectos\yellow-house\node_modules\next\dist\compiled\@opentelemetry\api\index.js:1:18093)
    at ProxyTracer.startActiveSpan (C:\Users\Rodrigo\Documents\Proyectos\yellow-house\node_modules\next\dist\compiled\@
opentelemetry\api\index.js:1:18854) {
  description: "Page couldn't be rendered statically because it used `request.url`. See more info here: 
https://nextjs.org/docs/messages/dynamic-server-error",
  digest: 'DYNAMIC_SERVER_USAGE'
}
Error fetching bays: ex [Error]: Dynamic server usage: Page couldn't be rendered statically because it used 
`request.url`. See more info here: https://nextjs.org/docs/messages/dynamic-server-error
    at Object.eP [as staticGenerationBailout] (C:\Users\Rodrigo\Documents\Proyectos\yellow-house\node_modules\next\dist
\compiled\next-server\app-route.runtime.prod.js:6:29358)
    at i (C:\Users\Rodrigo\Documents\Proyectos\yellow-house\node_modules\next\dist\compiled\next-server\app-route.runti
me.prod.js:6:34692)
    at Object.get (C:\Users\Rodrigo\Documents\Proyectos\yellow-house\node_modules\next\dist\compiled\next-server\app-ro
ute.runtime.prod.js:6:34788)
    at u 
(C:\Users\Rodrigo\Documents\Proyectos\yellow-house\apps\web\.next\server\app\api\auto-talleres\bays\route.js:1:539)
    at C:\Users\Rodrigo\Documents\Proyectos\yellow-house\node_modules\next\dist\compiled\next-server\app-route.runtime.
prod.js:6:42490
    at C:\Users\Rodrigo\Documents\Proyectos\yellow-house\node_modules\next\dist\server\lib\trace\tracer.js:133:36
    at NoopContextManager.with 
(C:\Users\Rodrigo\Documents\Proyectos\yellow-house\node_modules\next\dist\compiled\@opentelemetry\api\index.js:1:7062)
    at ContextAPI.with 
(C:\Users\Rodrigo\Documents\Proyectos\yellow-house\node_modules\next\dist\compiled\@opentelemetry\api\index.js:1:518)
    at NoopTracer.startActiveSpan 
(C:\Users\Rodrigo\Documents\Proyectos\yellow-house\node_modules\next\dist\compiled\@opentelemetry\api\index.js:1:18093)
    at ProxyTracer.startActiveSpan (C:\Users\Rodrigo\Documents\Proyectos\yellow-house\node_modules\next\dist\compiled\@
opentelemetry\api\index.js:1:18854) {
  description: "Page couldn't be rendered statically because it used `request.url`. See more info here: 
https://nextjs.org/docs/messages/dynamic-server-error",
  digest: 'DYNAMIC_SERVER_USAGE'
}
Error fetching revenue chart: ex [Error]: Dynamic server usage: Page couldn't be rendered statically because it used 
`request.url`. See more info here: https://nextjs.org/docs/messages/dynamic-server-error
    at Object.eP [as staticGenerationBailout] (C:\Users\Rodrigo\Documents\Proyectos\yellow-house\node_modules\next\dist
\compiled\next-server\app-route.runtime.prod.js:6:29358)
    at i (C:\Users\Rodrigo\Documents\Proyectos\yellow-house\node_modules\next\dist\compiled\next-server\app-route.runti
me.prod.js:6:34692)
    at Object.get (C:\Users\Rodrigo\Documents\Proyectos\yellow-house\node_modules\next\dist\compiled\next-server\app-ro
ute.runtime.prod.js:6:34788)
    at u (C:\Users\Rodrigo\Documents\Proyectos\yellow-house\apps\web\.next\server\app\api\auto-talleres\charts\revenue\
route.js:1:539)
    at C:\Users\Rodrigo\Documents\Proyectos\yellow-house\node_modules\next\dist\compiled\next-server\app-route.runtime.
prod.js:6:42490
    at C:\Users\Rodrigo\Documents\Proyectos\yellow-house\node_modules\next\dist\server\lib\trace\tracer.js:133:36
    at NoopContextManager.with 
(C:\Users\Rodrigo\Documents\Proyectos\yellow-house\node_modules\next\dist\compiled\@opentelemetry\api\index.js:1:7062)
    at ContextAPI.with 
(C:\Users\Rodrigo\Documents\Proyectos\yellow-house\node_modules\next\dist\compiled\@opentelemetry\api\index.js:1:518)
    at NoopTracer.startActiveSpan 
(C:\Users\Rodrigo\Documents\Proyectos\yellow-house\node_modules\next\dist\compiled\@opentelemetry\api\index.js:1:18093)
    at ProxyTracer.startActiveSpan (C:\Users\Rodrigo\Documents\Proyectos\yellow-house\node_modules\next\dist\compiled\@
opentelemetry\api\index.js:1:18854) {
  description: "Page couldn't be rendered statically because it used `request.url`. See more info here: 
https://nextjs.org/docs/messages/dynamic-server-error",
  digest: 'DYNAMIC_SERVER_USAGE'
}
Error fetching sales book: ex [Error]: Dynamic server usage: Page couldn't be rendered statically because it used 
`request.url`. See more info here: https://nextjs.org/docs/messages/dynamic-server-error
    at Object.eP [as staticGenerationBailout] (C:\Users\Rodrigo\Documents\Proyectos\yellow-house\node_modules\next\dist
\compiled\next-server\app-route.runtime.prod.js:6:29358)
    at i (C:\Users\Rodrigo\Documents\Proyectos\yellow-house\node_modules\next\dist\compiled\next-server\app-route.runti
me.prod.js:6:34692)
    at Object.get (C:\Users\Rodrigo\Documents\Proyectos\yellow-house\node_modules\next\dist\compiled\next-server\app-ro
ute.runtime.prod.js:6:34788)
    at i 
(C:\Users\Rodrigo\Documents\Proyectos\yellow-house\apps\web\.next\server\app\api\accounting\sales-book\route.js:1:507)
    at C:\Users\Rodrigo\Documents\Proyectos\yellow-house\node_modules\next\dist\compiled\next-server\app-route.runtime.
prod.js:6:42490
    at C:\Users\Rodrigo\Documents\Proyectos\yellow-house\node_modules\next\dist\server\lib\trace\tracer.js:133:36
    at NoopContextManager.with 
(C:\Users\Rodrigo\Documents\Proyectos\yellow-house\node_modules\next\dist\compiled\@opentelemetry\api\index.js:1:7062)
    at ContextAPI.with 
(C:\Users\Rodrigo\Documents\Proyectos\yellow-house\node_modules\next\dist\compiled\@opentelemetry\api\index.js:1:518)
    at NoopTracer.startActiveSpan 
(C:\Users\Rodrigo\Documents\Proyectos\yellow-house\node_modules\next\dist\compiled\@opentelemetry\api\index.js:1:18093)
    at ProxyTracer.startActiveSpan (C:\Users\Rodrigo\Documents\Proyectos\yellow-house\node_modules\next\dist\compiled\@
opentelemetry\api\index.js:1:18854) {
  description: "Page couldn't be rendered statically because it used `request.url`. See more info here: 
https://nextjs.org/docs/messages/dynamic-server-error",
  digest: 'DYNAMIC_SERVER_USAGE'
}
Error fetching bay occupancy chart: ex [Error]: Dynamic server usage: Page couldn't be rendered statically because it 
used `request.url`. See more info here: https://nextjs.org/docs/messages/dynamic-server-error
    at Object.eP [as staticGenerationBailout] (C:\Users\Rodrigo\Documents\Proyectos\yellow-house\node_modules\next\dist
\compiled\next-server\app-route.runtime.prod.js:6:29358)
    at i (C:\Users\Rodrigo\Documents\Proyectos\yellow-house\node_modules\next\dist\compiled\next-server\app-route.runti
me.prod.js:6:34692)
    at Object.get (C:\Users\Rodrigo\Documents\Proyectos\yellow-house\node_modules\next\dist\compiled\next-server\app-ro
ute.runtime.prod.js:6:34788)
    at u (C:\Users\Rodrigo\Documents\Proyectos\yellow-house\apps\web\.next\server\app\api\auto-talleres\charts\bay-occu
pancy\route.js:1:539)
    at C:\Users\Rodrigo\Documents\Proyectos\yellow-house\node_modules\next\dist\compiled\next-server\app-route.runtime.
prod.js:6:42490
    at C:\Users\Rodrigo\Documents\Proyectos\yellow-house\node_modules\next\dist\server\lib\trace\tracer.js:133:36
    at NoopContextManager.with 
(C:\Users\Rodrigo\Documents\Proyectos\yellow-house\node_modules\next\dist\compiled\@opentelemetry\api\index.js:1:7062)
    at ContextAPI.with 
(C:\Users\Rodrigo\Documents\Proyectos\yellow-house\node_modules\next\dist\compiled\@opentelemetry\api\index.js:1:518)
    at NoopTracer.startActiveSpan 
(C:\Users\Rodrigo\Documents\Proyectos\yellow-house\node_modules\next\dist\compiled\@opentelemetry\api\index.js:1:18093)
    at ProxyTracer.startActiveSpan (C:\Users\Rodrigo\Documents\Proyectos\yellow-house\node_modules\next\dist\compiled\@
opentelemetry\api\index.js:1:18854) {
  description: "Page couldn't be rendered statically because it used `request.url`. See more info here: 
https://nextjs.org/docs/messages/dynamic-server-error",
  digest: 'DYNAMIC_SERVER_USAGE'
}
Error fetching general ledger: ex [Error]: Dynamic server usage: Page couldn't be rendered statically because it used 
`request.url`. See more info here: https://nextjs.org/docs/messages/dynamic-server-error
    at Object.eP [as staticGenerationBailout] (C:\Users\Rodrigo\Documents\Proyectos\yellow-house\node_modules\next\dist
\compiled\next-server\app-route.runtime.prod.js:6:29358)
    at i (C:\Users\Rodrigo\Documents\Proyectos\yellow-house\node_modules\next\dist\compiled\next-server\app-route.runti
me.prod.js:6:34692)
    at Object.get (C:\Users\Rodrigo\Documents\Proyectos\yellow-house\node_modules\next\dist\compiled\next-server\app-ro
ute.runtime.prod.js:6:34788)
    at d (C:\Users\Rodrigo\Documents\Proyectos\yellow-house\apps\web\.next\server\app\api\accounting\general-ledger\rou
te.js:1:507)
    at C:\Users\Rodrigo\Documents\Proyectos\yellow-house\node_modules\next\dist\compiled\next-server\app-route.runtime.
prod.js:6:42490
    at C:\Users\Rodrigo\Documents\Proyectos\yellow-house\node_modules\next\dist\server\lib\trace\tracer.js:133:36
    at NoopContextManager.with 
(C:\Users\Rodrigo\Documents\Proyectos\yellow-house\node_modules\next\dist\compiled\@opentelemetry\api\index.js:1:7062)
    at ContextAPI.with 
(C:\Users\Rodrigo\Documents\Proyectos\yellow-house\node_modules\next\dist\compiled\@opentelemetry\api\index.js:1:518)
    at NoopTracer.startActiveSpan 
(C:\Users\Rodrigo\Documents\Proyectos\yellow-house\node_modules\next\dist\compiled\@opentelemetry\api\index.js:1:18093)
    at ProxyTracer.startActiveSpan (C:\Users\Rodrigo\Documents\Proyectos\yellow-house\node_modules\next\dist\compiled\@
opentelemetry\api\index.js:1:18854) {
  description: "Page couldn't be rendered statically because it used `request.url`. See more info here: 
https://nextjs.org/docs/messages/dynamic-server-error",
  digest: 'DYNAMIC_SERVER_USAGE'
}
Error fetching BHE honorarios data: ex [Error]: Dynamic server usage: Page couldn't be rendered statically because it 
used `request.url`. See more info here: https://nextjs.org/docs/messages/dynamic-server-error
    at Object.eP [as staticGenerationBailout] (C:\Users\Rodrigo\Documents\Proyectos\yellow-house\node_modules\next\dist
\compiled\next-server\app-route.runtime.prod.js:6:29358)
    at i (C:\Users\Rodrigo\Documents\Proyectos\yellow-house\node_modules\next\dist\compiled\next-server\app-route.runti
me.prod.js:6:34692)
    at Object.get (C:\Users\Rodrigo\Documents\Proyectos\yellow-house\node_modules\next\dist\compiled\next-server\app-ro
ute.runtime.prod.js:6:34788)
    at u 
(C:\Users\Rodrigo\Documents\Proyectos\yellow-house\apps\web\.next\server\app\api\accounting\honorarios\route.js:1:507)
    at C:\Users\Rodrigo\Documents\Proyectos\yellow-house\node_modules\next\dist\compiled\next-server\app-route.runtime.
prod.js:6:42490
    at C:\Users\Rodrigo\Documents\Proyectos\yellow-house\node_modules\next\dist\server\lib\trace\tracer.js:133:36
    at NoopContextManager.with 
(C:\Users\Rodrigo\Documents\Proyectos\yellow-house\node_modules\next\dist\compiled\@opentelemetry\api\index.js:1:7062)
    at ContextAPI.with 
(C:\Users\Rodrigo\Documents\Proyectos\yellow-house\node_modules\next\dist\compiled\@opentelemetry\api\index.js:1:518)
    at NoopTracer.startActiveSpan 
(C:\Users\Rodrigo\Documents\Proyectos\yellow-house\node_modules\next\dist\compiled\@opentelemetry\api\index.js:1:18093)
    at ProxyTracer.startActiveSpan (C:\Users\Rodrigo\Documents\Proyectos\yellow-house\node_modules\next\dist\compiled\@
opentelemetry\api\index.js:1:18854) {
  description: "Page couldn't be rendered statically because it used `request.url`. See more info here: 
https://nextjs.org/docs/messages/dynamic-server-error",
  digest: 'DYNAMIC_SERVER_USAGE'
}
Error fetching inspections: ex [Error]: Dynamic server usage: Page couldn't be rendered statically because it used 
`request.url`. See more info here: https://nextjs.org/docs/messages/dynamic-server-error
    at Object.eP [as staticGenerationBailout] (C:\Users\Rodrigo\Documents\Proyectos\yellow-house\node_modules\next\dist
\compiled\next-server\app-route.runtime.prod.js:6:29358)
    at i (C:\Users\Rodrigo\Documents\Proyectos\yellow-house\node_modules\next\dist\compiled\next-server\app-route.runti
me.prod.js:6:34692)
    at Object.get (C:\Users\Rodrigo\Documents\Proyectos\yellow-house\node_modules\next\dist\compiled\next-server\app-ro
ute.runtime.prod.js:6:34788)
    at u (C:\Users\Rodrigo\Documents\Proyectos\yellow-house\apps\web\.next\server\app\api\auto-talleres\inspecciones\ro
ute.js:1:539)
    at C:\Users\Rodrigo\Documents\Proyectos\yellow-house\node_modules\next\dist\compiled\next-server\app-route.runtime.
prod.js:6:42490
    at C:\Users\Rodrigo\Documents\Proyectos\yellow-house\node_modules\next\dist\server\lib\trace\tracer.js:133:36
    at NoopContextManager.with 
(C:\Users\Rodrigo\Documents\Proyectos\yellow-house\node_modules\next\dist\compiled\@opentelemetry\api\index.js:1:7062)
    at ContextAPI.with 
(C:\Users\Rodrigo\Documents\Proyectos\yellow-house\node_modules\next\dist\compiled\@opentelemetry\api\index.js:1:518)
    at NoopTracer.startActiveSpan 
(C:\Users\Rodrigo\Documents\Proyectos\yellow-house\node_modules\next\dist\compiled\@opentelemetry\api\index.js:1:18093)
    at ProxyTracer.startActiveSpan (C:\Users\Rodrigo\Documents\Proyectos\yellow-house\node_modules\next\dist\compiled\@
opentelemetry\api\index.js:1:18854) {
  description: "Page couldn't be rendered statically because it used `request.url`. See more info here: 
https://nextjs.org/docs/messages/dynamic-server-error",
  digest: 'DYNAMIC_SERVER_USAGE'
}
Error fetching dashboard stats: ex [Error]: Dynamic server usage: Page couldn't be rendered statically because it used 
`request.url`. See more info here: https://nextjs.org/docs/messages/dynamic-server-error
    at Object.eP [as staticGenerationBailout] (C:\Users\Rodrigo\Documents\Proyectos\yellow-house\node_modules\next\dist
\compiled\next-server\app-route.runtime.prod.js:6:29358)
    at i (C:\Users\Rodrigo\Documents\Proyectos\yellow-house\node_modules\next\dist\compiled\next-server\app-route.runti
me.prod.js:6:34692)
    at Object.get (C:\Users\Rodrigo\Documents\Proyectos\yellow-house\node_modules\next\dist\compiled\next-server\app-ro
ute.runtime.prod.js:6:34788)
    at u 
(C:\Users\Rodrigo\Documents\Proyectos\yellow-house\apps\web\.next\server\app\api\auto-talleres\stats\route.js:1:539)
    at C:\Users\Rodrigo\Documents\Proyectos\yellow-house\node_modules\next\dist\compiled\next-server\app-route.runtime.
prod.js:6:42490
    at C:\Users\Rodrigo\Documents\Proyectos\yellow-house\node_modules\next\dist\server\lib\trace\tracer.js:133:36
    at NoopContextManager.with 
(C:\Users\Rodrigo\Documents\Proyectos\yellow-house\node_modules\next\dist\compiled\@opentelemetry\api\index.js:1:7062)
    at ContextAPI.with 
(C:\Users\Rodrigo\Documents\Proyectos\yellow-house\node_modules\next\dist\compiled\@opentelemetry\api\index.js:1:518)
    at NoopTracer.startActiveSpan 
(C:\Users\Rodrigo\Documents\Proyectos\yellow-house\node_modules\next\dist\compiled\@opentelemetry\api\index.js:1:18093)
    at ProxyTracer.startActiveSpan (C:\Users\Rodrigo\Documents\Proyectos\yellow-house\node_modules\next\dist\compiled\@
opentelemetry\api\index.js:1:18854) {
  description: "Page couldn't be rendered statically because it used `request.url`. See more info here: 
https://nextjs.org/docs/messages/dynamic-server-error",
  digest: 'DYNAMIC_SERVER_USAGE'
}
Error fetching supplier orders: ex [Error]: Dynamic server usage: Page couldn't be rendered statically because it used 
`request.url`. See more info here: https://nextjs.org/docs/messages/dynamic-server-error
    at Object.eP [as staticGenerationBailout] (C:\Users\Rodrigo\Documents\Proyectos\yellow-house\node_modules\next\dist
\compiled\next-server\app-route.runtime.prod.js:6:29358)
    at i (C:\Users\Rodrigo\Documents\Proyectos\yellow-house\node_modules\next\dist\compiled\next-server\app-route.runti
me.prod.js:6:34692)
    at Object.get (C:\Users\Rodrigo\Documents\Proyectos\yellow-house\node_modules\next\dist\compiled\next-server\app-ro
ute.runtime.prod.js:6:34788)
    at u (C:\Users\Rodrigo\Documents\Proyectos\yellow-house\apps\web\.next\server\app\api\auto-talleres\pedidos-repuest
os\route.js:1:539)
    at C:\Users\Rodrigo\Documents\Proyectos\yellow-house\node_modules\next\dist\compiled\next-server\app-route.runtime.
prod.js:6:42490
    at C:\Users\Rodrigo\Documents\Proyectos\yellow-house\node_modules\next\dist\server\lib\trace\tracer.js:133:36
    at NoopContextManager.with 
(C:\Users\Rodrigo\Documents\Proyectos\yellow-house\node_modules\next\dist\compiled\@opentelemetry\api\index.js:1:7062)
    at ContextAPI.with 
(C:\Users\Rodrigo\Documents\Proyectos\yellow-house\node_modules\next\dist\compiled\@opentelemetry\api\index.js:1:518)
    at NoopTracer.startActiveSpan 
(C:\Users\Rodrigo\Documents\Proyectos\yellow-house\node_modules\next\dist\compiled\@opentelemetry\api\index.js:1:18093)
    at ProxyTracer.startActiveSpan (C:\Users\Rodrigo\Documents\Proyectos\yellow-house\node_modules\next\dist\compiled\@
opentelemetry\api\index.js:1:18854) {
  description: "Page couldn't be rendered statically because it used `request.url`. See more info here: 
https://nextjs.org/docs/messages/dynamic-server-error",
  digest: 'DYNAMIC_SERVER_USAGE'
}
Error fetching technicians: ex [Error]: Dynamic server usage: Page couldn't be rendered statically because it used 
`request.url`. See more info here: https://nextjs.org/docs/messages/dynamic-server-error
    at Object.eP [as staticGenerationBailout] (C:\Users\Rodrigo\Documents\Proyectos\yellow-house\node_modules\next\dist
\compiled\next-server\app-route.runtime.prod.js:6:29358)
    at i (C:\Users\Rodrigo\Documents\Proyectos\yellow-house\node_modules\next\dist\compiled\next-server\app-route.runti
me.prod.js:6:34692)
    at Object.get (C:\Users\Rodrigo\Documents\Proyectos\yellow-house\node_modules\next\dist\compiled\next-server\app-ro
ute.runtime.prod.js:6:34788)
    at u (C:\Users\Rodrigo\Documents\Proyectos\yellow-house\apps\web\.next\server\app\api\auto-talleres\technicians\rou
te.js:1:539)
    at C:\Users\Rodrigo\Documents\Proyectos\yellow-house\node_modules\next\dist\compiled\next-server\app-route.runtime.
prod.js:6:42490
    at C:\Users\Rodrigo\Documents\Proyectos\yellow-house\node_modules\next\dist\server\lib\trace\tracer.js:133:36
    at NoopContextManager.with 
(C:\Users\Rodrigo\Documents\Proyectos\yellow-house\node_modules\next\dist\compiled\@opentelemetry\api\index.js:1:7062)
    at ContextAPI.with 
(C:\Users\Rodrigo\Documents\Proyectos\yellow-house\node_modules\next\dist\compiled\@opentelemetry\api\index.js:1:518)
    at NoopTracer.startActiveSpan 
(C:\Users\Rodrigo\Documents\Proyectos\yellow-house\node_modules\next\dist\compiled\@opentelemetry\api\index.js:1:18093)
    at ProxyTracer.startActiveSpan (C:\Users\Rodrigo\Documents\Proyectos\yellow-house\node_modules\next\dist\compiled\@
opentelemetry\api\index.js:1:18854) {
  description: "Page couldn't be rendered statically because it used `request.url`. See more info here: 
https://nextjs.org/docs/messages/dynamic-server-error",
  digest: 'DYNAMIC_SERVER_USAGE'
}
Error calculating F29: ex [Error]: Dynamic server usage: Page couldn't be rendered statically because it used 
`request.url`. See more info here: https://nextjs.org/docs/messages/dynamic-server-error
    at Object.eP [as staticGenerationBailout] (C:\Users\Rodrigo\Documents\Proyectos\yellow-house\node_modules\next\dist
\compiled\next-server\app-route.runtime.prod.js:6:29358)
    at i (C:\Users\Rodrigo\Documents\Proyectos\yellow-house\node_modules\next\dist\compiled\next-server\app-route.runti
me.prod.js:6:34692)
    at Object.get (C:\Users\Rodrigo\Documents\Proyectos\yellow-house\node_modules\next\dist\compiled\next-server\app-ro
ute.runtime.prod.js:6:34788)
    at d 
(C:\Users\Rodrigo\Documents\Proyectos\yellow-house\apps\web\.next\server\app\api\accounting\f29\route.js:1:564)
    at C:\Users\Rodrigo\Documents\Proyectos\yellow-house\node_modules\next\dist\compiled\next-server\app-route.runtime.
prod.js:6:42490
    at C:\Users\Rodrigo\Documents\Proyectos\yellow-house\node_modules\next\dist\server\lib\trace\tracer.js:133:36
    at NoopContextManager.with 
(C:\Users\Rodrigo\Documents\Proyectos\yellow-house\node_modules\next\dist\compiled\@opentelemetry\api\index.js:1:7062)
    at ContextAPI.with 
(C:\Users\Rodrigo\Documents\Proyectos\yellow-house\node_modules\next\dist\compiled\@opentelemetry\api\index.js:1:518)
    at NoopTracer.startActiveSpan 
(C:\Users\Rodrigo\Documents\Proyectos\yellow-house\node_modules\next\dist\compiled\@opentelemetry\api\index.js:1:18093)
    at ProxyTracer.startActiveSpan (C:\Users\Rodrigo\Documents\Proyectos\yellow-house\node_modules\next\dist\compiled\@
opentelemetry\api\index.js:1:18854) {
  description: "Page couldn't be rendered statically because it used `request.url`. See more info here: 
https://nextjs.org/docs/messages/dynamic-server-error",
  digest: 'DYNAMIC_SERVER_USAGE'
}
Error calculating cashflow forecast: ex [Error]: Dynamic server usage: Page couldn't be rendered statically because it 
used `request.url`. See more info here: https://nextjs.org/docs/messages/dynamic-server-error
    at Object.eP [as staticGenerationBailout] (C:\Users\Rodrigo\Documents\Proyectos\yellow-house\node_modules\next\dist
\compiled\next-server\app-route.runtime.prod.js:6:29358)
    at i (C:\Users\Rodrigo\Documents\Proyectos\yellow-house\node_modules\next\dist\compiled\next-server\app-route.runti
me.prod.js:6:34692)
    at Object.get (C:\Users\Rodrigo\Documents\Proyectos\yellow-house\node_modules\next\dist\compiled\next-server\app-ro
ute.runtime.prod.js:6:34788)
    at c 
(C:\Users\Rodrigo\Documents\Proyectos\yellow-house\apps\web\.next\server\app\api\finance\cashflow\route.js:1:505)
    at C:\Users\Rodrigo\Documents\Proyectos\yellow-house\node_modules\next\dist\compiled\next-server\app-route.runtime.
prod.js:6:42490
    at C:\Users\Rodrigo\Documents\Proyectos\yellow-house\node_modules\next\dist\server\lib\trace\tracer.js:133:36
    at NoopContextManager.with 
(C:\Users\Rodrigo\Documents\Proyectos\yellow-house\node_modules\next\dist\compiled\@opentelemetry\api\index.js:1:7062)
    at ContextAPI.with 
(C:\Users\Rodrigo\Documents\Proyectos\yellow-house\node_modules\next\dist\compiled\@opentelemetry\api\index.js:1:518)
    at NoopTracer.startActiveSpan 
(C:\Users\Rodrigo\Documents\Proyectos\yellow-house\node_modules\next\dist\compiled\@opentelemetry\api\index.js:1:18093)
    at ProxyTracer.startActiveSpan (C:\Users\Rodrigo\Documents\Proyectos\yellow-house\node_modules\next\dist\compiled\@
opentelemetry\api\index.js:1:18854) {
  description: "Page couldn't be rendered statically because it used `request.url`. See more info here: 
https://nextjs.org/docs/messages/dynamic-server-error",
  digest: 'DYNAMIC_SERVER_USAGE'
}
Error in /api/condominio: ex [Error]: Dynamic server usage: Page couldn't be rendered statically because it used 
`request.url`. See more info here: https://nextjs.org/docs/messages/dynamic-server-error
    at Object.eP [as staticGenerationBailout] (C:\Users\Rodrigo\Documents\Proyectos\yellow-house\node_modules\next\dist
\compiled\next-server\app-route.runtime.prod.js:6:29358)
    at i (C:\Users\Rodrigo\Documents\Proyectos\yellow-house\node_modules\next\dist\compiled\next-server\app-route.runti
me.prod.js:6:34692)
    at Object.get (C:\Users\Rodrigo\Documents\Proyectos\yellow-house\node_modules\next\dist\compiled\next-server\app-ro
ute.runtime.prod.js:6:34788)
    at u (C:\Users\Rodrigo\Documents\Proyectos\yellow-house\apps\web\.next\server\app\api\condominio\route.js:1:559)
    at C:\Users\Rodrigo\Documents\Proyectos\yellow-house\node_modules\next\dist\compiled\next-server\app-route.runtime.
prod.js:6:42490
    at C:\Users\Rodrigo\Documents\Proyectos\yellow-house\node_modules\next\dist\server\lib\trace\tracer.js:133:36
    at NoopContextManager.with 
(C:\Users\Rodrigo\Documents\Proyectos\yellow-house\node_modules\next\dist\compiled\@opentelemetry\api\index.js:1:7062)
    at ContextAPI.with 
(C:\Users\Rodrigo\Documents\Proyectos\yellow-house\node_modules\next\dist\compiled\@opentelemetry\api\index.js:1:518)
    at NoopTracer.startActiveSpan 
(C:\Users\Rodrigo\Documents\Proyectos\yellow-house\node_modules\next\dist\compiled\@opentelemetry\api\index.js:1:18093)
    at ProxyTracer.startActiveSpan (C:\Users\Rodrigo\Documents\Proyectos\yellow-house\node_modules\next\dist\compiled\@
opentelemetry\api\index.js:1:18854) {
  description: "Page couldn't be rendered statically because it used `request.url`. See more info here: 
https://nextjs.org/docs/messages/dynamic-server-error",
  digest: 'DYNAMIC_SERVER_USAGE'
}
Error generating Previred file: ex [Error]: Dynamic server usage: Page couldn't be rendered statically because it used 
`request.url`. See more info here: https://nextjs.org/docs/messages/dynamic-server-error
    at Object.eP [as staticGenerationBailout] (C:\Users\Rodrigo\Documents\Proyectos\yellow-house\node_modules\next\dist
\compiled\next-server\app-route.runtime.prod.js:6:29358)
    at i (C:\Users\Rodrigo\Documents\Proyectos\yellow-house\node_modules\next\dist\compiled\next-server\app-route.runti
me.prod.js:6:34692)
    at Object.get (C:\Users\Rodrigo\Documents\Proyectos\yellow-house\node_modules\next\dist\compiled\next-server\app-ro
ute.runtime.prod.js:6:34788)
    at p 
(C:\Users\Rodrigo\Documents\Proyectos\yellow-house\apps\web\.next\server\app\api\payroll\previred\route.js:1:553)
    at C:\Users\Rodrigo\Documents\Proyectos\yellow-house\node_modules\next\dist\compiled\next-server\app-route.runtime.
prod.js:6:42490
    at C:\Users\Rodrigo\Documents\Proyectos\yellow-house\node_modules\next\dist\server\lib\trace\tracer.js:133:36
    at NoopContextManager.with 
(C:\Users\Rodrigo\Documents\Proyectos\yellow-house\node_modules\next\dist\compiled\@opentelemetry\api\index.js:1:7062)
    at ContextAPI.with 
(C:\Users\Rodrigo\Documents\Proyectos\yellow-house\node_modules\next\dist\compiled\@opentelemetry\api\index.js:1:518)
    at NoopTracer.startActiveSpan 
(C:\Users\Rodrigo\Documents\Proyectos\yellow-house\node_modules\next\dist\compiled\@opentelemetry\api\index.js:1:18093)
    at ProxyTracer.startActiveSpan (C:\Users\Rodrigo\Documents\Proyectos\yellow-house\node_modules\next\dist\compiled\@
opentelemetry\api\index.js:1:18854) {
  description: "Page couldn't be rendered statically because it used `request.url`. See more info here: 
https://nextjs.org/docs/messages/dynamic-server-error",
  digest: 'DYNAMIC_SERVER_USAGE'
}
Error fetching production orders: ex [Error]: Dynamic server usage: Page couldn't be rendered statically because it 
used `request.url`. See more info here: https://nextjs.org/docs/messages/dynamic-server-error
    at Object.eP [as staticGenerationBailout] (C:\Users\Rodrigo\Documents\Proyectos\yellow-house\node_modules\next\dist
\compiled\next-server\app-route.runtime.prod.js:6:29358)
    at i (C:\Users\Rodrigo\Documents\Proyectos\yellow-house\node_modules\next\dist\compiled\next-server\app-route.runti
me.prod.js:6:34692)
    at Object.get (C:\Users\Rodrigo\Documents\Proyectos\yellow-house\node_modules\next\dist\compiled\next-server\app-ro
ute.runtime.prod.js:6:34788)
    at d 
(C:\Users\Rodrigo\Documents\Proyectos\yellow-house\apps\web\.next\server\app\api\production\orders\route.js:1:507)
    at C:\Users\Rodrigo\Documents\Proyectos\yellow-house\node_modules\next\dist\compiled\next-server\app-route.runtime.
prod.js:6:42490
    at C:\Users\Rodrigo\Documents\Proyectos\yellow-house\node_modules\next\dist\server\lib\trace\tracer.js:133:36
    at NoopContextManager.with 
(C:\Users\Rodrigo\Documents\Proyectos\yellow-house\node_modules\next\dist\compiled\@opentelemetry\api\index.js:1:7062)
    at ContextAPI.with 
(C:\Users\Rodrigo\Documents\Proyectos\yellow-house\node_modules\next\dist\compiled\@opentelemetry\api\index.js:1:518)
    at NoopTracer.startActiveSpan 
(C:\Users\Rodrigo\Documents\Proyectos\yellow-house\node_modules\next\dist\compiled\@opentelemetry\api\index.js:1:18093)
    at ProxyTracer.startActiveSpan (C:\Users\Rodrigo\Documents\Proyectos\yellow-house\node_modules\next\dist\compiled\@
opentelemetry\api\index.js:1:18854) {
  description: "Page couldn't be rendered statically because it used `request.url`. See more info here: 
https://nextjs.org/docs/messages/dynamic-server-error",
  digest: 'DYNAMIC_SERVER_USAGE'
}
Error fetching import declarations: ex [Error]: Dynamic server usage: Page couldn't be rendered statically because it 
used `request.url`. See more info here: https://nextjs.org/docs/messages/dynamic-server-error
    at Object.eP [as staticGenerationBailout] (C:\Users\Rodrigo\Documents\Proyectos\yellow-house\node_modules\next\dist
\compiled\next-server\app-route.runtime.prod.js:6:29358)
    at i (C:\Users\Rodrigo\Documents\Proyectos\yellow-house\node_modules\next\dist\compiled\next-server\app-route.runti
me.prod.js:6:34692)
    at Object.get (C:\Users\Rodrigo\Documents\Proyectos\yellow-house\node_modules\next\dist\compiled\next-server\app-ro
ute.runtime.prod.js:6:34788)
    at c 
(C:\Users\Rodrigo\Documents\Proyectos\yellow-house\apps\web\.next\server\app\api\purchases\imports\route.js:1:507)
    at C:\Users\Rodrigo\Documents\Proyectos\yellow-house\node_modules\next\dist\compiled\next-server\app-route.runtime.
prod.js:6:42490
    at C:\Users\Rodrigo\Documents\Proyectos\yellow-house\node_modules\next\dist\server\lib\trace\tracer.js:133:36
    at NoopContextManager.with 
(C:\Users\Rodrigo\Documents\Proyectos\yellow-house\node_modules\next\dist\compiled\@opentelemetry\api\index.js:1:7062)
    at ContextAPI.with 
(C:\Users\Rodrigo\Documents\Proyectos\yellow-house\node_modules\next\dist\compiled\@opentelemetry\api\index.js:1:518)
    at NoopTracer.startActiveSpan 
(C:\Users\Rodrigo\Documents\Proyectos\yellow-house\node_modules\next\dist\compiled\@opentelemetry\api\index.js:1:18093)
    at ProxyTracer.startActiveSpan (C:\Users\Rodrigo\Documents\Proyectos\yellow-house\node_modules\next\dist\compiled\@
opentelemetry\api\index.js:1:18854) {
  description: "Page couldn't be rendered statically because it used `request.url`. See more info here: 
https://nextjs.org/docs/messages/dynamic-server-error",
  digest: 'DYNAMIC_SERVER_USAGE'
}
Error fetching FEA data: ex [Error]: Dynamic server usage: Page couldn't be rendered statically because it used 
`request.url`. See more info here: https://nextjs.org/docs/messages/dynamic-server-error
    at Object.eP [as staticGenerationBailout] (C:\Users\Rodrigo\Documents\Proyectos\yellow-house\node_modules\next\dist
\compiled\next-server\app-route.runtime.prod.js:6:29358)
    at i (C:\Users\Rodrigo\Documents\Proyectos\yellow-house\node_modules\next\dist\compiled\next-server\app-route.runti
me.prod.js:6:34692)
    at Object.get (C:\Users\Rodrigo\Documents\Proyectos\yellow-house\node_modules\next\dist\compiled\next-server\app-ro
ute.runtime.prod.js:6:34788)
    at c (C:\Users\Rodrigo\Documents\Proyectos\yellow-house\apps\web\.next\server\app\api\signature\fea\route.js:1:506)
    at C:\Users\Rodrigo\Documents\Proyectos\yellow-house\node_modules\next\dist\compiled\next-server\app-route.runtime.
prod.js:6:42490
    at C:\Users\Rodrigo\Documents\Proyectos\yellow-house\node_modules\next\dist\server\lib\trace\tracer.js:133:36
    at NoopContextManager.with 
(C:\Users\Rodrigo\Documents\Proyectos\yellow-house\node_modules\next\dist\compiled\@opentelemetry\api\index.js:1:7062)
    at ContextAPI.with 
(C:\Users\Rodrigo\Documents\Proyectos\yellow-house\node_modules\next\dist\compiled\@opentelemetry\api\index.js:1:518)
    at NoopTracer.startActiveSpan 
(C:\Users\Rodrigo\Documents\Proyectos\yellow-house\node_modules\next\dist\compiled\@opentelemetry\api\index.js:1:18093)
    at ProxyTracer.startActiveSpan (C:\Users\Rodrigo\Documents\Proyectos\yellow-house\node_modules\next\dist\compiled\@
opentelemetry\api\index.js:1:18854) {
  description: "Page couldn't be rendered statically because it used `request.url`. See more info here: 
https://nextjs.org/docs/messages/dynamic-server-error",
  digest: 'DYNAMIC_SERVER_USAGE'
}
Error fetching recurring contracts: ex [Error]: Dynamic server usage: Page couldn't be rendered statically because it 
used `request.url`. See more info here: https://nextjs.org/docs/messages/dynamic-server-error
    at Object.eP [as staticGenerationBailout] (C:\Users\Rodrigo\Documents\Proyectos\yellow-house\node_modules\next\dist
\compiled\next-server\app-route.runtime.prod.js:6:29358)
    at i (C:\Users\Rodrigo\Documents\Proyectos\yellow-house\node_modules\next\dist\compiled\next-server\app-route.runti
me.prod.js:6:34692)
    at Object.get (C:\Users\Rodrigo\Documents\Proyectos\yellow-house\node_modules\next\dist\compiled\next-server\app-ro
ute.runtime.prod.js:6:34788)
    at u 
(C:\Users\Rodrigo\Documents\Proyectos\yellow-house\apps\web\.next\server\app\api\sales\recurring\route.js:1:507)
    at C:\Users\Rodrigo\Documents\Proyectos\yellow-house\node_modules\next\dist\compiled\next-server\app-route.runtime.
prod.js:6:42490
    at C:\Users\Rodrigo\Documents\Proyectos\yellow-house\node_modules\next\dist\server\lib\trace\tracer.js:133:36
    at NoopContextManager.with 
(C:\Users\Rodrigo\Documents\Proyectos\yellow-house\node_modules\next\dist\compiled\@opentelemetry\api\index.js:1:7062)
    at ContextAPI.with 
(C:\Users\Rodrigo\Documents\Proyectos\yellow-house\node_modules\next\dist\compiled\@opentelemetry\api\index.js:1:518)
    at NoopTracer.startActiveSpan 
(C:\Users\Rodrigo\Documents\Proyectos\yellow-house\node_modules\next\dist\compiled\@opentelemetry\api\index.js:1:18093)
    at ProxyTracer.startActiveSpan (C:\Users\Rodrigo\Documents\Proyectos\yellow-house\node_modules\next\dist\compiled\@
opentelemetry\api\index.js:1:18854) {
  description: "Page couldn't be rendered statically because it used `request.url`. See more info here: 
https://nextjs.org/docs/messages/dynamic-server-error",
  digest: 'DYNAMIC_SERVER_USAGE'
}

   Generating static pages (70/281) 
Error fetching supplier portal data: ex [Error]: Dynamic server usage: Page couldn't be rendered statically because it 
used `request.url`. See more info here: https://nextjs.org/docs/messages/dynamic-server-error
    at Object.eP [as staticGenerationBailout] (C:\Users\Rodrigo\Documents\Proyectos\yellow-house\node_modules\next\dist
\compiled\next-server\app-route.runtime.prod.js:6:29358)
    at i (C:\Users\Rodrigo\Documents\Proyectos\yellow-house\node_modules\next\dist\compiled\next-server\app-route.runti
me.prod.js:6:34692)
    at Object.get (C:\Users\Rodrigo\Documents\Proyectos\yellow-house\node_modules\next\dist\compiled\next-server\app-ro
ute.runtime.prod.js:6:34788)
    at p 
(C:\Users\Rodrigo\Documents\Proyectos\yellow-house\apps\web\.next\server\app\api\suppliers\portal\route.js:1:553)
    at C:\Users\Rodrigo\Documents\Proyectos\yellow-house\node_modules\next\dist\compiled\next-server\app-route.runtime.
prod.js:6:42490
    at C:\Users\Rodrigo\Documents\Proyectos\yellow-house\node_modules\next\dist\server\lib\trace\tracer.js:133:36
    at NoopContextManager.with 
(C:\Users\Rodrigo\Documents\Proyectos\yellow-house\node_modules\next\dist\compiled\@opentelemetry\api\index.js:1:7062)
    at ContextAPI.with 
(C:\Users\Rodrigo\Documents\Proyectos\yellow-house\node_modules\next\dist\compiled\@opentelemetry\api\index.js:1:518)
    at NoopTracer.startActiveSpan 
(C:\Users\Rodrigo\Documents\Proyectos\yellow-house\node_modules\next\dist\compiled\@opentelemetry\api\index.js:1:18093)
    at ProxyTracer.startActiveSpan (C:\Users\Rodrigo\Documents\Proyectos\yellow-house\node_modules\next\dist\compiled\@
opentelemetry\api\index.js:1:18854) {
  description: "Page couldn't be rendered statically because it used `request.url`. See more info here: 
https://nextjs.org/docs/messages/dynamic-server-error",
  digest: 'DYNAMIC_SERVER_USAGE'
}

   Generating static pages (140/281) 

   Generating static pages (210/281) 

 Γ£ô Generating static pages (281/281) 
   Finalizing page optimization ...
   Collecting build traces ...

Route (app)                                                                    Size     First Load JS
Γöî ╬╗ /                                                                          9.79 kB         168 kB
Γö£ ╬╗ /_not-found                                                                0 B                0 B
Γö£ ╬╗ /[locale]                                                                  9.79 kB         168 kB
Γö£ ╬╗ /[locale]/admin                                                            2.97 kB        87.7 kB
Γö£ ╬╗ /[locale]/admin/audit                                                      3.6 kB         88.3 kB
Γö£ ╬╗ /[locale]/admin/billing                                                    4.84 kB        89.6 kB
Γö£ ╬╗ /[locale]/admin/companies                                                  4.23 kB        96.3 kB
Γö£ ╬╗ /[locale]/admin/companies/[id]                                             4.21 kB        96.3 kB
Γö£ ╬╗ /[locale]/admin/grants                                                     3.94 kB        88.7 kB
Γö£ ╬╗ /[locale]/admin/not-found                                                  171 B          84.9 kB
Γö£ ╬╗ /[locale]/admin/notifications                                              4.43 kB        89.2 kB
Γö£ ╬╗ /[locale]/admin/settings                                                   4.58 kB        89.3 kB
Γö£ ╬╗ /[locale]/admin/support                                                    6.19 kB        90.9 kB
Γö£ ╬╗ /[locale]/admin/support/faq                                                4.02 kB        98.1 kB
Γö£ ╬╗ /[locale]/admin/users                                                      3.81 kB        88.5 kB
Γö£ ╬╗ /[locale]/ayuda                                                            4.61 kB         142 kB
Γö£ ╬╗ /[locale]/ayuda/tickets                                                    4 kB            112 kB
Γö£ ╬╗ /[locale]/ayuda/tickets/[id]                                               5.45 kB         106 kB
Γö£ ╬╗ /[locale]/condominio                                                       5.4 kB         90.1 kB
Γö£ ╬╗ /[locale]/condominio/asambleas                                             3.54 kB        88.3 kB
Γö£ ╬╗ /[locale]/condominio/comunicaciones                                        3.85 kB        88.6 kB
Γö£ ╬╗ /[locale]/condominio/espacios                                              10.6 kB        95.3 kB
Γö£ ╬╗ /[locale]/condominio/gastos-comunes                                        5.79 kB        90.5 kB
Γö£ ╬╗ /[locale]/condominio/importar                                              3.27 kB          88 kB
Γö£ ╬╗ /[locale]/condominio/medidores                                             3.65 kB        88.4 kB
Γö£ ╬╗ /[locale]/condominio/multas-seguros                                        3.81 kB        88.5 kB
Γö£ ╬╗ /[locale]/condominio/pagos                                                 4.17 kB        88.9 kB
Γö£ ╬╗ /[locale]/condominio/portal                                                4.82 kB        89.5 kB
Γö£ ╬╗ /[locale]/contact                                                          3.08 kB        95.2 kB
Γö£ ╬╗ /[locale]/dashboard                                                        5.42 kB         230 kB
Γö£ ╬╗ /[locale]/dashboard/accounting                                             6.67 kB         115 kB
Γö£ ╬╗ /[locale]/dashboard/accounting/cashflow                                    2.37 kB        87.1 kB
Γö£ ╬╗ /[locale]/dashboard/accounting/f29                                         2.92 kB        87.7 kB
Γö£ ╬╗ /[locale]/dashboard/accounting/financial-statements                        3.16 kB        87.9 kB
Γö£ ╬╗ /[locale]/dashboard/accounting/fixed-assets                                2.73 kB        87.5 kB
Γö£ ╬╗ /[locale]/dashboard/accounting/general-ledger                              2.78 kB        87.5 kB
Γö£ ╬╗ /[locale]/dashboard/accounting/honorarios                                  2.67 kB        87.4 kB
Γö£ ╬╗ /[locale]/dashboard/accounting/journal-entries                             3.23 kB         111 kB
Γö£ ╬╗ /[locale]/dashboard/accounting/journal-entries/[id]                        2.52 kB         111 kB
Γö£ ╬╗ /[locale]/dashboard/accounting/journal-entries/new                         2.96 kB         102 kB
Γö£ ╬╗ /[locale]/dashboard/accounting/reconciliation                              4.69 kB          96 kB
Γö£ ╬╗ /[locale]/dashboard/accounting/sales-book                                  3 kB           87.7 kB
Γö£ ╬╗ /[locale]/dashboard/alerts                                                 4.51 kB         113 kB
Γö£ ╬╗ /[locale]/dashboard/audit                                                  4.71 kB         113 kB
Γö£ ╬╗ /[locale]/dashboard/billing                                                4.68 kB         113 kB
Γö£ ╬╗ /[locale]/dashboard/billing/[id]                                           4.35 kB         118 kB
Γö£ ╬╗ /[locale]/dashboard/billing/new                                            3.26 kB         102 kB
Γö£ ╬╗ /[locale]/dashboard/bodega                                                 6.41 kB         162 kB
Γö£ ╬╗ /[locale]/dashboard/bodega/[id]/detail                                     6.18 kB         114 kB
Γö£ ╬╗ /[locale]/dashboard/bodega/consignment                                     2.13 kB         101 kB
Γö£ ╬╗ /[locale]/dashboard/bodega/landed-cost                                     2.06 kB         101 kB
Γö£ ╬╗ /[locale]/dashboard/bodega/sii-book                                        1.95 kB         101 kB
Γö£ ╬╗ /[locale]/dashboard/cost-centers                                           3.85 kB         104 kB
Γö£ ╬╗ /[locale]/dashboard/crm                                                    5.87 kB        97.2 kB
Γö£ ╬╗ /[locale]/dashboard/customers                                              8.46 kB         126 kB
Γö£ ╬╗ /[locale]/dashboard/customers/[id]                                         10.9 kB         132 kB
Γö£ ╬╗ /[locale]/dashboard/customers/[id]/edit                                    5.34 kB         123 kB
Γö£ ╬╗ /[locale]/dashboard/customers/new                                          4.76 kB         122 kB
Γö£ ╬╗ /[locale]/dashboard/expenses                                               5.42 kB        96.7 kB
Γö£ ╬╗ /[locale]/dashboard/expenses/categories                                    3.44 kB        94.8 kB
Γö£ ╬╗ /[locale]/dashboard/inventory                                              17.8 kB         309 kB
Γö£ ╬╗ /[locale]/dashboard/inventory/[id]                                         7.74 kB         341 kB
Γö£ ╬╗ /[locale]/dashboard/inventory/[id]/edit                                    5.99 kB         123 kB
Γö£ ╬╗ /[locale]/dashboard/inventory/adjustments                                  4.08 kB         112 kB
Γö£ ╬╗ /[locale]/dashboard/inventory/adjustments/new                              4.43 kB         112 kB
Γö£ ╬╗ /[locale]/dashboard/inventory/batches                                      3.47 kB         104 kB
Γö£ ╬╗ /[locale]/dashboard/inventory/categories                                   3.39 kB         104 kB
Γö£ ╬╗ /[locale]/dashboard/inventory/closings                                     4 kB            105 kB
Γö£ ╬╗ /[locale]/dashboard/inventory/config                                       8.34 kB         152 kB
Γö£ ╬╗ /[locale]/dashboard/inventory/counts                                       3.15 kB         104 kB
Γö£ ╬╗ /[locale]/dashboard/inventory/counts/[id]                                  3.08 kB         104 kB
Γö£ ╬╗ /[locale]/dashboard/inventory/counts/new                                   2.26 kB         103 kB
Γö£ ╬╗ /[locale]/dashboard/inventory/dead-stock                                   2.13 kB        86.9 kB
Γö£ ╬╗ /[locale]/dashboard/inventory/forecasting                                  2.15 kB        86.9 kB
Γö£ ╬╗ /[locale]/dashboard/inventory/import                                       3.81 kB        95.1 kB
Γö£ ╬╗ /[locale]/dashboard/inventory/label-designer                               8.58 kB         126 kB
Γö£ ╬╗ /[locale]/dashboard/inventory/monetary-correction                          2.93 kB        87.7 kB
Γö£ ╬╗ /[locale]/dashboard/inventory/new                                          5.68 kB         123 kB
Γö£ ╬╗ /[locale]/dashboard/inventory/relations                                    2.92 kB         102 kB
Γö£ ╬╗ /[locale]/dashboard/inventory/reservations                                 4.31 kB        95.6 kB
Γö£ ╬╗ /[locale]/dashboard/inventory/returns                                      4.97 kB         104 kB
Γö£ ╬╗ /[locale]/dashboard/inventory/serials                                      2.82 kB         111 kB
Γö£ ╬╗ /[locale]/dashboard/inventory/stock-report                                 4.41 kB         112 kB
Γö£ ╬╗ /[locale]/dashboard/inventory/tags                                         2.69 kB         111 kB
Γö£ ╬╗ /[locale]/dashboard/inventory/taxes                                        3.55 kB         104 kB
Γö£ ╬╗ /[locale]/dashboard/inventory/uom                                          3.5 kB          104 kB
Γö£ ╬╗ /[locale]/dashboard/inventory/valuation                                    7.05 kB         151 kB
Γö£ ╬╗ /[locale]/dashboard/inventory/variants                                     4.49 kB        95.8 kB
Γö£ ╬╗ /[locale]/dashboard/payroll                                                10.3 kB         346 kB
Γö£ ╬╗ /[locale]/dashboard/payroll/[id]                                           5.11 kB         282 kB
Γö£ ╬╗ /[locale]/dashboard/pos                                                    7.45 kB         294 kB
Γö£ ╬╗ /[locale]/dashboard/price-lists                                            4.95 kB         122 kB
Γö£ ╬╗ /[locale]/dashboard/production/orders                                      2.67 kB        96.7 kB
Γö£ ╬╗ /[locale]/dashboard/projects                                               8.38 kB         171 kB
Γö£ ╬╗ /[locale]/dashboard/projects/[id]                                          41.8 kB         402 kB
Γö£ ╬╗ /[locale]/dashboard/projects/[id]/edit                                     3.04 kB         102 kB
Γö£ ╬╗ /[locale]/dashboard/projects/allocation                                    2.79 kB        94.1 kB
Γö£ ╬╗ /[locale]/dashboard/projects/new                                           2.8 kB          101 kB
Γö£ ╬╗ /[locale]/dashboard/projects/reports                                       2.71 kB          94 kB
Γö£ ╬╗ /[locale]/dashboard/purchases                                              10.5 kB         173 kB
Γö£ ╬╗ /[locale]/dashboard/purchases/[id]                                         6.54 kB         289 kB
Γö£ ╬╗ /[locale]/dashboard/purchases/[id]/edit                                    5.6 kB          114 kB
Γö£ ╬╗ /[locale]/dashboard/purchases/categories                                   3.13 kB         111 kB
Γö£ ╬╗ /[locale]/dashboard/purchases/credit-notes                                 2.34 kB        93.7 kB
Γö£ ╬╗ /[locale]/dashboard/purchases/debit-notes                                  2.34 kB        93.7 kB
Γö£ ╬╗ /[locale]/dashboard/purchases/documents                                    5.7 kB          190 kB
Γö£ ╬╗ /[locale]/dashboard/purchases/imports                                      2.45 kB        96.5 kB
Γö£ ╬╗ /[locale]/dashboard/purchases/new                                          5.53 kB         114 kB
Γö£ ╬╗ /[locale]/dashboard/purchases/purchase-book                                5.75 kB         106 kB
Γö£ ╬╗ /[locale]/dashboard/purchases/quotations                                   4.68 kB         113 kB
Γö£ ╬╗ /[locale]/dashboard/purchases/quotations/[id]                              7.99 kB         122 kB
Γö£ ╬╗ /[locale]/dashboard/purchases/quotations/[id]/edit                         5.26 kB         113 kB
Γö£ ╬╗ /[locale]/dashboard/purchases/quotations/new                               5.17 kB         113 kB
Γö£ ╬╗ /[locale]/dashboard/purchases/receipts                                     3.64 kB         104 kB
Γö£ ╬╗ /[locale]/dashboard/purchases/receipts/[id]                                3.73 kB         112 kB
Γö£ ╬╗ /[locale]/dashboard/purchases/receipts/new                                 3.82 kB        95.1 kB
Γö£ ╬╗ /[locale]/dashboard/purchases/register                                     3.23 kB         115 kB
Γö£ ╬╗ /[locale]/dashboard/purchases/reports                                      3.74 kB         139 kB
Γö£ ╬╗ /[locale]/dashboard/pwa/offline-queue                                      5.02 kB         122 kB
Γö£ ╬╗ /[locale]/dashboard/received-documents                                     6.33 kB         124 kB
Γö£ ╬╗ /[locale]/dashboard/received-documents/[docId]                             5.69 kB         123 kB
Γö£ ╬╗ /[locale]/dashboard/reports                                                6.83 kB         160 kB
Γö£ ╬╗ /[locale]/dashboard/reports/advanced                                       4.79 kB         141 kB
Γö£ ╬╗ /[locale]/dashboard/sales                                                  22.8 kB         349 kB
Γö£ ╬╗ /[locale]/dashboard/sales/[id]                                             6.18 kB         298 kB
Γö£ ╬╗ /[locale]/dashboard/sales/[id]/edit                                        5.68 kB         114 kB
Γö£ ╬╗ /[locale]/dashboard/sales/cobranza                                         3.1 kB         87.8 kB
Γö£ ╬╗ /[locale]/dashboard/sales/cobranza/credit-notes                            3.59 kB         105 kB
Γö£ ╬╗ /[locale]/dashboard/sales/credit-debit                                     3.35 kB        97.4 kB
Γö£ ╬╗ /[locale]/dashboard/sales/delivery-guides                                  4.3 kB          112 kB
Γö£ ╬╗ /[locale]/dashboard/sales/delivery-guides/[id]                             3.81 kB         277 kB
Γö£ ╬╗ /[locale]/dashboard/sales/delivery-guides/new                              5.13 kB         113 kB
Γö£ ╬╗ /[locale]/dashboard/sales/delivery/[id]                                    3.84 kB         277 kB
Γö£ ╬╗ /[locale]/dashboard/sales/delivery/new                                     5.11 kB         113 kB
Γö£ ╬╗ /[locale]/dashboard/sales/ecommerce                                        4.25 kB        98.3 kB
Γö£ ╬╗ /[locale]/dashboard/sales/factoring                                        3.64 kB        97.7 kB
Γö£ ╬╗ /[locale]/dashboard/sales/guia-52                                          3.52 kB        97.6 kB
Γö£ ╬╗ /[locale]/dashboard/sales/invoices                                         4.33 kB         112 kB
Γö£ ╬╗ /[locale]/dashboard/sales/invoices/[id]                                    3.86 kB         277 kB
Γö£ ╬╗ /[locale]/dashboard/sales/invoices/new                                     5.79 kB         114 kB
Γö£ ╬╗ /[locale]/dashboard/sales/new                                              5.83 kB         114 kB
Γö£ ╬╗ /[locale]/dashboard/sales/pedidos                                          4.69 kB         113 kB
Γö£ ╬╗ /[locale]/dashboard/sales/pedidos/[orderId]                                4.98 kB         106 kB
Γö£ ╬╗ /[locale]/dashboard/sales/pedidos/import                                   3.61 kB        94.9 kB
Γö£ ╬╗ /[locale]/dashboard/sales/pedidos/new                                      3.23 kB        94.6 kB
Γö£ ╬╗ /[locale]/dashboard/sales/pedidos/reports                                  3.17 kB        87.9 kB
Γö£ ╬╗ /[locale]/dashboard/sales/price-lists                                      4.98 kB         122 kB
Γö£ ╬╗ /[locale]/dashboard/sales/quotations                                       4.21 kB         112 kB
Γö£ ╬╗ /[locale]/dashboard/sales/quotations/[id]                                  4.82 kB         278 kB
Γö£ ╬╗ /[locale]/dashboard/sales/quotations/new                                   5.25 kB         113 kB
Γö£ ╬╗ /[locale]/dashboard/sales/quotations/reports                               3.12 kB        94.4 kB
Γö£ ╬╗ /[locale]/dashboard/sales/recurring                                        2.48 kB        96.5 kB
Γö£ ╬╗ /[locale]/dashboard/sales/register                                         3.49 kB         116 kB
Γö£ ╬╗ /[locale]/dashboard/sales/returns                                          5.37 kB         282 kB
Γö£ ╬╗ /[locale]/dashboard/sales/sales-reports                                    3.17 kB        87.9 kB
Γö£ ╬╗ /[locale]/dashboard/sales/transbank                                        3.17 kB        97.2 kB
Γö£ ╬╗ /[locale]/dashboard/services/work-orders                                   3.47 kB        97.5 kB
Γö£ ╬╗ /[locale]/dashboard/settings                                               16.8 kB         306 kB
Γö£ ╬╗ /[locale]/dashboard/settings/empresa                                       6.46 kB         169 kB
Γö£ ╬╗ /[locale]/dashboard/settings/fea                                           2.72 kB        96.8 kB
Γö£ ╬╗ /[locale]/dashboard/settings/rubros                                        4.6 kB          122 kB
Γö£ ╬╗ /[locale]/dashboard/settings/webhooks                                      5.97 kB         123 kB
Γö£ ╬╗ /[locale]/dashboard/suppliers                                              5.21 kB         123 kB
Γö£ ╬╗ /[locale]/dashboard/suppliers/[id]                                         4.17 kB         112 kB
Γö£ ╬╗ /[locale]/dashboard/suppliers/[id]/edit                                    4.21 kB         112 kB
Γö£ ╬╗ /[locale]/dashboard/suppliers/new                                          4.85 kB         113 kB
Γö£ ╬╗ /[locale]/dashboard/suppliers/portal                                       2.81 kB        87.5 kB
Γö£ ╬╗ /[locale]/dashboard/transfers                                              3.91 kB         112 kB
Γö£ ╬╗ /[locale]/dashboard/transfers/[id]                                         4.15 kB         122 kB
Γö£ ╬╗ /[locale]/dashboard/transfers/new                                          4.51 kB         113 kB
Γö£ ╬╗ /[locale]/dashboard/warehouses                                             4.68 kB         113 kB
Γö£ ╬╗ /[locale]/dashboard/warehouses/[id]/edit                                   4.36 kB         112 kB
Γö£ ╬╗ /[locale]/dashboard/warehouses/new                                         4.05 kB         112 kB
Γö£ ╬╗ /[locale]/forgot-password                                                  4.48 kB         141 kB
Γö£ ╬╗ /[locale]/hr                                                               10.4 kB         173 kB
Γö£ ╬╗ /[locale]/login                                                            4.81 kB         154 kB
Γö£ ╬╗ /[locale]/mi-cuenta                                                        8.45 kB         161 kB
Γö£ ╬╗ /[locale]/portal/[token]                                                   2.92 kB        87.6 kB
Γö£ ╬╗ /[locale]/portal/customer/[token]                                          2.79 kB        87.5 kB
Γö£ ╬╗ /[locale]/portal/portal/[token]                                            2.92 kB        87.6 kB
Γö£ ╬╗ /[locale]/portal/portal/customer/[token]                                   2.79 kB        87.5 kB
Γö£ ╬╗ /[locale]/privacy                                                          2.7 kB         94.8 kB
Γö£ ╬╗ /[locale]/projects                                                         6.23 kB         150 kB
Γö£ ╬╗ /[locale]/projects/[id]                                                    8.11 kB         151 kB
Γö£ ╬╗ /[locale]/projects/[id]/edit                                               2.2 kB          110 kB
Γö£ ╬╗ /[locale]/projects/list                                                    4.37 kB         148 kB
Γö£ ╬╗ /[locale]/projects/new                                                     1.91 kB         110 kB
Γö£ ╬╗ /[locale]/projects/reports                                                 2.13 kB        93.4 kB
Γö£ ╬╗ /[locale]/projects/tasks                                                   2.72 kB          94 kB
Γö£ ╬╗ /[locale]/projects/templates                                               2.72 kB         103 kB
Γö£ ╬╗ /[locale]/projects/time                                                    2.56 kB        93.9 kB
Γö£ ╬╗ /[locale]/recetas                                                          4.22 kB         138 kB
Γö£ ╬╗ /[locale]/recetas/[id]                                                     4.54 kB         322 kB
Γö£ ╬╗ /[locale]/recetas/[id]/edit                                                3.1 kB          111 kB
Γö£ ╬╗ /[locale]/recetas/expenses                                                 5.78 kB         106 kB
Γö£ ╬╗ /[locale]/recetas/inventory                                                5.21 kB         120 kB
Γö£ ╬╗ /[locale]/recetas/new                                                      4.02 kB         112 kB
Γö£ ╬╗ /[locale]/recetas/pos                                                      6.9 kB          283 kB
Γö£ ╬╗ /[locale]/recetas/produce                                                  3.53 kB         285 kB
Γö£ ╬╗ /[locale]/recetas/sales                                                    3.8 kB          104 kB
Γö£ ╬╗ /[locale]/recetas/settings                                                 2.63 kB         111 kB
Γö£ ╬╗ /[locale]/recetas/stock                                                    4.72 kB         120 kB
Γö£ ╬╗ /[locale]/register                                                         7.14 kB         153 kB
Γö£ ╬╗ /[locale]/reset-password                                                   5 kB            142 kB
Γö£ ╬╗ /[locale]/restaurant                                                       1.6 kB         86.3 kB
Γö£ ╬╗ /[locale]/restaurant/admin                                                 5.19 kB         107 kB
Γö£ ╬╗ /[locale]/restaurant/bar                                                   3.73 kB         105 kB
Γö£ ╬╗ /[locale]/restaurant/cashier                                               4.17 kB         106 kB
Γö£ ╬╗ /[locale]/restaurant/dashboard                                             3.69 kB        95.8 kB
Γö£ ╬╗ /[locale]/restaurant/kiosk                                                 5.14 kB         107 kB
Γö£ ╬╗ /[locale]/restaurant/kitchen                                               3.81 kB         105 kB
Γö£ ╬╗ /[locale]/restaurant/reports                                               4.59 kB         106 kB
Γö£ ╬╗ /[locale]/restaurant/reservations                                          4.52 kB         106 kB
Γö£ ╬╗ /[locale]/restaurant/sales                                                 5.02 kB         106 kB
Γö£ ╬╗ /[locale]/restaurant/users                                                 4.72 kB         106 kB
Γö£ ╬╗ /[locale]/restaurant/waiter                                                9.45 kB         111 kB
Γö£ ╬╗ /[locale]/select                                                           11.8 kB         188 kB
Γö£ ╬╗ /[locale]/terms                                                            2.57 kB        94.7 kB
Γö£ ╬╗ /[locale]/veterinaria                                                      6.02 kB        98.1 kB
Γö£ ╬╗ /[locale]/veterinaria/agenda                                               5.06 kB        97.2 kB
Γö£ ╬╗ /[locale]/veterinaria/cirugias                                             3.63 kB        88.4 kB
Γö£ ╬╗ /[locale]/veterinaria/clientes                                             5.56 kB        97.7 kB
Γö£ ╬╗ /[locale]/veterinaria/configuracion/especies                               6.83 kB        91.6 kB
Γö£ ╬╗ /[locale]/veterinaria/configuracion/servicios                              5.17 kB        89.9 kB
Γö£ ╬╗ /[locale]/veterinaria/consultas                                            9.38 kB        94.1 kB
Γö£ ╬╗ /[locale]/veterinaria/evoluciones                                          7.87 kB        92.6 kB
Γö£ ╬╗ /[locale]/veterinaria/farmacia                                             8.5 kB         93.2 kB
Γö£ ╬╗ /[locale]/veterinaria/hospitalizacion                                      4.25 kB          89 kB
Γö£ ╬╗ /[locale]/veterinaria/laboratorio                                          7.94 kB        92.7 kB
Γö£ ╬╗ /[locale]/veterinaria/pacientes                                            6.34 kB        98.4 kB
Γö£ ╬╗ /[locale]/veterinaria/pacientes/[id]                                       9.27 kB         101 kB
Γö£ ╬╗ /[locale]/veterinaria/presupuestos                                         8.48 kB        93.2 kB
Γö£ ╬╗ /[locale]/veterinaria/profesionales                                        5 kB           89.7 kB
Γö£ ╬╗ /[locale]/veterinaria/recetas                                              1.72 kB        86.4 kB
Γö£ ╬╗ /[locale]/veterinaria/recordatorios                                        3.74 kB        88.5 kB
Γö£ ╬╗ /[locale]/veterinaria/vacunas                                              5.99 kB        90.7 kB
Γö£ ╬╗ /[locale]/view/[type]/[id]                                                 3.39 kB         263 kB
Γö£ ╬╗ /[locale]/view/view/[type]/[id]                                            3.39 kB         263 kB
Γö£ ╬╗ /admin                                                                     2.97 kB        87.7 kB
Γö£ ╬╗ /admin/audit                                                               3.6 kB         88.3 kB
Γö£ ╬╗ /admin/billing                                                             4.84 kB        89.6 kB
Γö£ ╬╗ /admin/companies                                                           4.23 kB        96.3 kB
Γö£ ╬╗ /admin/companies/[id]                                                      4.22 kB        96.3 kB
Γö£ ╬╗ /admin/grants                                                              3.94 kB        88.7 kB
Γö£ ╬╗ /admin/notifications                                                       4.43 kB        89.2 kB
Γö£ ╬╗ /admin/settings                                                            4.58 kB        89.3 kB
Γö£ ╬╗ /admin/support                                                             6.19 kB        90.9 kB
Γö£ ╬╗ /admin/support/faq                                                         4.02 kB        98.1 kB
Γö£ ╬╗ /admin/users                                                               3.81 kB        88.5 kB
Γö£ ╬╗ /api/accounting/f29                                                        0 B                0 B
Γö£ ╬╗ /api/accounting/financial-statements                                       0 B                0 B
Γö£ ╬╗ /api/accounting/fixed-assets                                               0 B                0 B
Γö£ ╬╗ /api/accounting/general-ledger                                             0 B                0 B
Γö£ ╬╗ /api/accounting/honorarios                                                 0 B                0 B
Γö£ ╬╗ /api/accounting/sales-book                                                 0 B                0 B
Γö£ ╬╗ /api/auth/companies                                                        0 B                0 B
Γö£ ╬╗ /api/auth/forgot-password                                                  0 B                0 B
Γö£ ╬╗ /api/auth/login                                                            0 B                0 B
Γö£ ╬╗ /api/auth/logout                                                           0 B                0 B
Γö£ ╬╗ /api/auth/register                                                         0 B                0 B
Γö£ ╬╗ /api/auth/reset-password                                                   0 B                0 B
Γö£ ╬╗ /api/auth/super-admin/login                                                0 B                0 B
Γö£ ╬╗ /api/auth/switch-company                                                   0 B                0 B
Γö£ ╬╗ /api/auto-talleres/agenda                                                  0 B                0 B
Γö£ ╬╗ /api/auto-talleres/bays                                                    0 B                0 B
Γö£ ╬╗ /api/auto-talleres/brands                                                  0 B                0 B
Γö£ ╬╗ /api/auto-talleres/charts/bay-occupancy                                    0 B                0 B
Γö£ ╬╗ /api/auto-talleres/charts/revenue                                          0 B                0 B
Γö£ ╬╗ /api/auto-talleres/estimates                                               0 B                0 B
Γö£ ╬╗ /api/auto-talleres/estimates/[id]                                          0 B                0 B
Γö£ ╬╗ /api/auto-talleres/inspecciones                                            0 B                0 B
Γö£ ╬╗ /api/auto-talleres/orders                                                  0 B                0 B
Γö£ ╬╗ /api/auto-talleres/orders/[id]                                             0 B                0 B
Γö£ ╬╗ /api/auto-talleres/orders/[id]/items                                       0 B                0 B
Γö£ ╬╗ /api/auto-talleres/orders/[id]/items/[itemId]                              0 B                0 B
Γö£ ╬╗ /api/auto-talleres/pedidos-repuestos                                       0 B                0 B
Γö£ ╬╗ /api/auto-talleres/stats                                                   0 B                0 B
Γö£ ╬╗ /api/auto-talleres/technicians                                             0 B                0 B
Γö£ ╬╗ /api/auto-talleres/vehicles                                                0 B                0 B
Γö£ ╬╗ /api/auto-talleres/vehicles/[id]                                           0 B                0 B
Γö£ ╬╗ /api/banking/fintoc                                                        0 B                0 B
Γö£ ╬╗ /api/companies/[id]                                                        0 B                0 B
Γö£ ╬╗ /api/companies/[id]/abc-analysis                                           0 B                0 B
Γö£ ╬╗ /api/companies/[id]/accounts                                               0 B                0 B
Γö£ ╬╗ /api/companies/[id]/accounts/[accountId]                                   0 B                0 B
Γö£ ╬╗ /api/companies/[id]/activities                                             0 B                0 B
Γö£ ╬╗ /api/companies/[id]/activities/[activityId]                                0 B                0 B
Γö£ ╬╗ /api/companies/[id]/adjustment-reasons                                     0 B                0 B
Γö£ ╬╗ /api/companies/[id]/adjustment-reasons/[reasonId]                          0 B                0 B
Γö£ ╬╗ /api/companies/[id]/audit                                                  0 B                0 B
Γö£ ╬╗ /api/companies/[id]/billing/account                                        0 B                0 B
Γö£ ╬╗ /api/companies/[id]/billing/checkout                                       0 B                0 B
Γö£ ╬╗ /api/companies/[id]/billing/invoices                                       0 B                0 B
Γö£ ╬╗ /api/companies/[id]/billing/payments                                       0 B                0 B
Γö£ ╬╗ /api/companies/[id]/condos                                                 0 B                0 B
Γö£ ╬╗ /api/companies/[id]/condos/[propertyId]                                    0 B                0 B
Γö£ ╬╗ /api/companies/[id]/condos/[propertyId]/coefficients                       0 B                0 B
Γö£ ╬╗ /api/companies/[id]/condos/[propertyId]/payments                           0 B                0 B
Γö£ ╬╗ /api/companies/[id]/condos/[propertyId]/periods                            0 B                0 B
Γö£ ╬╗ /api/companies/[id]/condos/[propertyId]/periods/[periodId]                 0 B                0 B
Γö£ ╬╗ /api/companies/[id]/condos/[propertyId]/periods/[periodId]/calculate       0 B                0 B
Γö£ ╬╗ /api/companies/[id]/condos/[propertyId]/periods/[periodId]/items           0 B                0 B
Γö£ ╬╗ /api/companies/[id]/condos/[propertyId]/statements                         0 B                0 B
Γö£ ╬╗ /api/companies/[id]/condos/[propertyId]/units                              0 B                0 B
Γö£ ╬╗ /api/companies/[id]/condos/[propertyId]/units/[unitId]                     0 B                0 B
Γö£ ╬╗ /api/companies/[id]/consignment-agreements                                 0 B                0 B
Γö£ ╬╗ /api/companies/[id]/consignment-stock                                      0 B                0 B
Γö£ ╬╗ /api/companies/[id]/cost-centers                                           0 B                0 B
Γö£ ╬╗ /api/companies/[id]/cost-centers/[costCenterId]                            0 B                0 B
Γö£ ╬╗ /api/companies/[id]/credit-control                                         0 B                0 B
Γö£ ╬╗ /api/companies/[id]/credit-notes                                           0 B                0 B
Γö£ ╬╗ /api/companies/[id]/credit-notes/[noteId]                                  0 B                0 B
Γö£ ╬╗ /api/companies/[id]/customer-addresses                                     0 B                0 B
Γö£ ╬╗ /api/companies/[id]/customer-addresses/[addressId]                         0 B                0 B
Γö£ ╬╗ /api/companies/[id]/customer-categories                                    0 B                0 B
Γö£ ╬╗ /api/companies/[id]/customer-categories/[categoryId]                       0 B                0 B
Γö£ ╬╗ /api/companies/[id]/customer-contacts                                      0 B                0 B
Γö£ ╬╗ /api/companies/[id]/customer-contacts/[contactId]                          0 B                0 B
Γö£ ╬╗ /api/companies/[id]/customer-documents                                     0 B                0 B
Γö£ ╬╗ /api/companies/[id]/customer-documents/[documentId]                        0 B                0 B
Γö£ ╬╗ /api/companies/[id]/customer-price-history                                 0 B                0 B
Γö£ ╬╗ /api/companies/[id]/customer-returns                                       0 B                0 B
Γö£ ╬╗ /api/companies/[id]/customer-returns/[returnId]                            0 B                0 B
Γö£ ╬╗ /api/companies/[id]/customer-returns/[returnId]/complete                   0 B                0 B
Γö£ ╬╗ /api/companies/[id]/customer-segments                                      0 B                0 B
Γö£ ╬╗ /api/companies/[id]/customer-segments/[segmentId]                          0 B                0 B
Γö£ ╬╗ /api/companies/[id]/customer-statement                                     0 B                0 B
Γö£ ╬╗ /api/companies/[id]/customers                                              0 B                0 B
Γö£ ╬╗ /api/companies/[id]/customers/[customerId]                                 0 B                0 B
Γö£ ╬╗ /api/companies/[id]/cycle-count-schedules                                  0 B                0 B
Γö£ ╬╗ /api/companies/[id]/cycle-count-schedules/[scheduleId]                     0 B                0 B
Γö£ ╬╗ /api/companies/[id]/cycle-count-schedules/[scheduleId]/run                 0 B                0 B
Γö£ ╬╗ /api/companies/[id]/dashboard                                              0 B                0 B
Γö£ ╬╗ /api/companies/[id]/debit-notes                                            0 B                0 B
Γö£ ╬╗ /api/companies/[id]/debit-notes/[noteId]                                   0 B                0 B
Γö£ ╬╗ /api/companies/[id]/delivery-guides                                        0 B                0 B
Γö£ ╬╗ /api/companies/[id]/delivery-guides/[guideId]                              0 B                0 B
Γö£ ╬╗ /api/companies/[id]/demand-forecasts                                       0 B                0 B
Γö£ ╬╗ /api/companies/[id]/employees                                              0 B                0 B
Γö£ ╬╗ /api/companies/[id]/employees/[employeeId]                                 0 B                0 B
Γö£ ╬╗ /api/companies/[id]/exchange-rates                                         0 B                0 B
Γö£ ╬╗ /api/companies/[id]/expense-categories                                     0 B                0 B
Γö£ ╬╗ /api/companies/[id]/expense-categories/[categoryId]                        0 B                0 B
Γö£ ╬╗ /api/companies/[id]/expenses                                               0 B                0 B
Γö£ ╬╗ /api/companies/[id]/expenses/[expenseId]                                   0 B                0 B
Γö£ ╬╗ /api/companies/[id]/expenses/summary                                       0 B                0 B
Γö£ ╬╗ /api/companies/[id]/formulas                                               0 B                0 B
Γö£ ╬╗ /api/companies/[id]/formulas/[formulaId]                                   0 B                0 B
Γö£ ╬╗ /api/companies/[id]/formulas/[formulaId]/produce                           0 B                0 B
Γö£ ╬╗ /api/companies/[id]/goods-receipts                                         0 B                0 B
Γö£ ╬╗ /api/companies/[id]/goods-receipts/[receiptId]                             0 B                0 B
Γö£ ╬╗ /api/companies/[id]/grants                                                 0 B                0 B
Γö£ ╬╗ /api/companies/[id]/grants/[grantId]                                       0 B                0 B
Γö£ ╬╗ /api/companies/[id]/hr/attendance                                          0 B                0 B
Γö£ ╬╗ /api/companies/[id]/hr/contracts                                           0 B                0 B
Γö£ ╬╗ /api/companies/[id]/hr/contracts/[contractId]                              0 B                0 B
Γö£ ╬╗ /api/companies/[id]/hr/evaluations                                         0 B                0 B
Γö£ ╬╗ /api/companies/[id]/hr/onboarding                                          0 B                0 B
Γö£ ╬╗ /api/companies/[id]/hr/training                                            0 B                0 B
Γö£ ╬╗ /api/companies/[id]/import                                                 0 B                0 B
Γö£ ╬╗ /api/companies/[id]/integrations                                           0 B                0 B
Γö£ ╬╗ /api/companies/[id]/integrations/test                                      0 B                0 B
Γö£ ╬╗ /api/companies/[id]/internal-orders                                        0 B                0 B
Γö£ ╬╗ /api/companies/[id]/internal-orders/[orderId]                              0 B                0 B
Γö£ ╬╗ /api/companies/[id]/internal-orders/import                                 0 B                0 B
Γö£ ╬╗ /api/companies/[id]/internal-orders/reports                                0 B                0 B
Γö£ ╬╗ /api/companies/[id]/inventory-audit                                        0 B                0 B
Γö£ ╬╗ /api/companies/[id]/inventory-categories                                   0 B                0 B
Γö£ ╬╗ /api/companies/[id]/inventory-categories/[categoryId]                      0 B                0 B
Γö£ ╬╗ /api/companies/[id]/inventory-counts                                       0 B                0 B
Γö£ ╬╗ /api/companies/[id]/inventory-counts/[countId]                             0 B                0 B
Γö£ ╬╗ /api/companies/[id]/inventory-counts/[countId]/complete                    0 B                0 B
Γö£ ╬╗ /api/companies/[id]/inventory-counts/[countId]/items/[itemId]              0 B                0 B
Γö£ ╬╗ /api/companies/[id]/inventory-counts/[countId]/start                       0 B                0 B
Γö£ ╬╗ /api/companies/[id]/inventory-reports/dead-stock                           0 B                0 B
Γö£ ╬╗ /api/companies/[id]/inventory-reports/forecasting                          0 B                0 B
Γö£ ╬╗ /api/companies/[id]/inventory-reports/valuation                            0 B                0 B
Γö£ ╬╗ /api/companies/[id]/inventory-snapshots                                    0 B                0 B
Γö£ ╬╗ /api/companies/[id]/inventory-valuation-methods                            0 B                0 B
Γö£ ╬╗ /api/companies/[id]/inventory-valuation-methods/[methodId]                 0 B                0 B
Γö£ ╬╗ /api/companies/[id]/inventory-valuation-runs                               0 B                0 B
Γö£ ╬╗ /api/companies/[id]/invoices                                               0 B                0 B
Γö£ ╬╗ /api/companies/[id]/invoices/[invoiceId]                                   0 B                0 B
Γö£ ╬╗ /api/companies/[id]/journal-entries                                        0 B                0 B
Γö£ ╬╗ /api/companies/[id]/journal-entries/[entryId]                              0 B                0 B
Γö£ ╬╗ /api/companies/[id]/label-templates                                        0 B                0 B
Γö£ ╬╗ /api/companies/[id]/label-templates/[templateId]                           0 B                0 B
Γö£ ╬╗ /api/companies/[id]/landed-cost-allocations                                0 B                0 B
Γö£ ╬╗ /api/companies/[id]/landed-cost-allocations/[allocationId]                 0 B                0 B
Γö£ ╬╗ /api/companies/[id]/leads                                                  0 B                0 B
Γö£ ╬╗ /api/companies/[id]/leads/[leadId]                                         0 B                0 B
Γö£ ╬╗ /api/companies/[id]/loyalty                                                0 B                0 B
Γö£ ╬╗ /api/companies/[id]/modules                                                0 B                0 B
Γö£ ╬╗ /api/companies/[id]/modules/activate                                       0 B                0 B
Γö£ ╬╗ /api/companies/[id]/notification-preferences                               0 B                0 B
Γö£ ╬╗ /api/companies/[id]/notifications                                          0 B                0 B
Γö£ ╬╗ /api/companies/[id]/notifications/[notificationId]/read                    0 B                0 B
Γö£ ╬╗ /api/companies/[id]/notifications/check-deadlines                          0 B                0 B
Γö£ ╬╗ /api/companies/[id]/notifications/unread-count                             0 B                0 B
Γö£ ╬╗ /api/companies/[id]/payment-methods                                        0 B                0 B
Γö£ ╬╗ /api/companies/[id]/payroll/calculate                                      0 B                0 B
Γö£ ╬╗ /api/companies/[id]/payroll/liquidation                                    0 B                0 B
Γö£ ╬╗ /api/companies/[id]/payroll/runs                                           0 B                0 B
Γö£ ╬╗ /api/companies/[id]/payroll/runs/[runId]                                   0 B                0 B
Γö£ ╬╗ /api/companies/[id]/permissions                                            0 B                0 B
Γö£ ╬╗ /api/companies/[id]/physical-counts                                        0 B                0 B
Γö£ ╬╗ /api/companies/[id]/physical-counts/[countId]                              0 B                0 B
Γö£ ╬╗ /api/companies/[id]/pick-tasks                                             0 B                0 B
Γö£ ╬╗ /api/companies/[id]/pick-tasks/[taskId]                                    0 B                0 B
Γö£ ╬╗ /api/companies/[id]/pick-waves                                             0 B                0 B
Γö£ ╬╗ /api/companies/[id]/pick-waves/[waveId]                                    0 B                0 B
Γö£ ╬╗ /api/companies/[id]/pick-waves/[waveId]/release                            0 B                0 B
Γö£ ╬╗ /api/companies/[id]/price-lists                                            0 B                0 B
Γö£ ╬╗ /api/companies/[id]/price-lists/[listId]                                   0 B                0 B
Γö£ ╬╗ /api/companies/[id]/product-abc-classification                             0 B                0 B
Γö£ ╬╗ /api/companies/[id]/product-batches                                        0 B                0 B
Γö£ ╬╗ /api/companies/[id]/product-batches/[batchId]                              0 B                0 B
Γö£ ╬╗ /api/companies/[id]/product-boms                                           0 B                0 B
Γö£ ╬╗ /api/companies/[id]/product-boms/[bomId]                                   0 B                0 B
Γö£ ╬╗ /api/companies/[id]/product-boms/explode/[productId]                       0 B                0 B
Γö£ ╬╗ /api/companies/[id]/product-expirations                                    0 B                0 B
Γö£ ╬╗ /api/companies/[id]/product-expirations/[expirationId]                     0 B                0 B
Γö£ ╬╗ /api/companies/[id]/product-kits                                           0 B                0 B
Γö£ ╬╗ /api/companies/[id]/product-kits/[kitId]                                   0 B                0 B
Γö£ ╬╗ /api/companies/[id]/product-price-history                                  0 B                0 B
Γö£ ╬╗ /api/companies/[id]/product-relations                                      0 B                0 B
Γö£ ╬╗ /api/companies/[id]/product-relations/[relationId]                         0 B                0 B
Γö£ ╬╗ /api/companies/[id]/product-serials                                        0 B                0 B
Γö£ ╬╗ /api/companies/[id]/product-serials/[serialId]                             0 B                0 B
Γö£ ╬╗ /api/companies/[id]/product-tags                                           0 B                0 B
Γö£ ╬╗ /api/companies/[id]/product-tags/[tagId]                                   0 B                0 B
Γö£ ╬╗ /api/companies/[id]/product-variants                                       0 B                0 B
Γö£ ╬╗ /api/companies/[id]/product-variants/[variantId]                           0 B                0 B
Γö£ ╬╗ /api/companies/[id]/products                                               0 B                0 B
Γö£ ╬╗ /api/companies/[id]/products/[productId]                                   0 B                0 B
Γö£ ╬╗ /api/companies/[id]/products/[productId]/images                            0 B                0 B
Γö£ ╬╗ /api/companies/[id]/products/[productId]/images/[imageId]                  0 B                0 B
Γö£ ╬╗ /api/companies/[id]/products/import                                        0 B                0 B
Γö£ ╬╗ /api/companies/[id]/projects                                               0 B                0 B
Γö£ ╬╗ /api/companies/[id]/projects/[projectId]                                   0 B                0 B
Γö£ ╬╗ /api/companies/[id]/projects/[projectId]/activity                          0 B                0 B
Γö£ ╬╗ /api/companies/[id]/projects/[projectId]/allocations                       0 B                0 B
Γö£ ╬╗ /api/companies/[id]/projects/[projectId]/archive                           0 B                0 B
Γö£ ╬╗ /api/companies/[id]/projects/[projectId]/audit                             0 B                0 B
Γö£ ╬╗ /api/companies/[id]/projects/[projectId]/automation                        0 B                0 B
Γö£ ╬╗ /api/companies/[id]/projects/[projectId]/automation/execute                0 B                0 B
Γö£ ╬╗ /api/companies/[id]/projects/[projectId]/budget-alerts                     0 B                0 B
Γö£ ╬╗ /api/companies/[id]/projects/[projectId]/budget-alerts/[alertId]           0 B                0 B
Γö£ ╬╗ /api/companies/[id]/projects/[projectId]/change-orders                     0 B                0 B
Γö£ ╬╗ /api/companies/[id]/projects/[projectId]/change-orders/[changeOrderId]     0 B                0 B
Γö£ ╬╗ /api/companies/[id]/projects/[projectId]/clone                             0 B                0 B
Γö£ ╬╗ /api/companies/[id]/projects/[projectId]/costs                             0 B                0 B
Γö£ ╬╗ /api/companies/[id]/projects/[projectId]/custom-fields                     0 B                0 B
Γö£ ╬╗ /api/companies/[id]/projects/[projectId]/custom-fields/[fieldId]           0 B                0 B
Γö£ ╬╗ /api/companies/[id]/projects/[projectId]/dependencies                      0 B                0 B
Γö£ ╬╗ /api/companies/[id]/projects/[projectId]/dependencies/[dependencyId]       0 B                0 B
Γö£ ╬╗ /api/companies/[id]/projects/[projectId]/documents                         0 B                0 B
Γö£ ╬╗ /api/companies/[id]/projects/[projectId]/documents/[documentId]            0 B                0 B
Γö£ ╬╗ /api/companies/[id]/projects/[projectId]/documents/[documentId]/download   0 B                0 B
Γö£ ╬╗ /api/companies/[id]/projects/[projectId]/documents/upload                  0 B                0 B
Γö£ ╬╗ /api/companies/[id]/projects/[projectId]/expenses                          0 B                0 B
Γö£ ╬╗ /api/companies/[id]/projects/[projectId]/expenses/[expenseId]              0 B                0 B
Γö£ ╬╗ /api/companies/[id]/projects/[projectId]/favorite                          0 B                0 B
Γö£ ╬╗ /api/companies/[id]/projects/[projectId]/forecast                          0 B                0 B
Γö£ ╬╗ /api/companies/[id]/projects/[projectId]/members                           0 B                0 B
Γö£ ╬╗ /api/companies/[id]/projects/[projectId]/milestones                        0 B                0 B
Γö£ ╬╗ /api/companies/[id]/projects/[projectId]/milestones/[milestoneId]          0 B                0 B
Γö£ ╬╗ /api/companies/[id]/projects/[projectId]/notification-settings             0 B                0 B
Γö£ ╬╗ /api/companies/[id]/projects/[projectId]/phases                            0 B                0 B
Γö£ ╬╗ /api/companies/[id]/projects/[projectId]/phases/[phaseId]                  0 B                0 B
Γö£ ╬╗ /api/companies/[id]/projects/[projectId]/portal                            0 B                0 B
Γö£ ╬╗ /api/companies/[id]/projects/[projectId]/risks                             0 B                0 B
Γö£ ╬╗ /api/companies/[id]/projects/[projectId]/risks/[riskId]                    0 B                0 B
Γö£ ╬╗ /api/companies/[id]/projects/[projectId]/tasks                             0 B                0 B
Γö£ ╬╗ /api/companies/[id]/projects/[projectId]/tasks/[taskId]                    0 B                0 B
Γö£ ╬╗ /api/companies/[id]/projects/[projectId]/tasks/[taskId]/comments           0 B                0 B
Γö£ ╬╗ /api/companies/[id]/projects/[projectId]/tasks/[taskId]/tags               0 B                0 B
Γö£ ╬╗ /api/companies/[id]/projects/[projectId]/timers                            0 B                0 B
Γö£ ╬╗ /api/companies/[id]/projects/[projectId]/timesheets                        0 B                0 B
Γö£ ╬╗ /api/companies/[id]/projects/[projectId]/timesheets/[timesheetId]          0 B                0 B
Γö£ ╬╗ /api/companies/[id]/projects/allocation                                    0 B                0 B
Γö£ ╬╗ /api/companies/[id]/projects/allocations                                   0 B                0 B
Γö£ ╬╗ /api/companies/[id]/projects/notifications                                 0 B                0 B
Γö£ ╬╗ /api/companies/[id]/projects/notifications/generate                        0 B                0 B
Γö£ ╬╗ /api/companies/[id]/projects/recurrence/generate                           0 B                0 B
Γö£ ╬╗ /api/companies/[id]/projects/resources                                     0 B                0 B
Γö£ ╬╗ /api/companies/[id]/projects/tags                                          0 B                0 B
Γö£ ╬╗ /api/companies/[id]/projects/tasks/[taskId]/changelog                      0 B                0 B
Γö£ ╬╗ /api/companies/[id]/projects/tasks/[taskId]/checklists                     0 B                0 B
Γö£ ╬╗ /api/companies/[id]/projects/tasks/[taskId]/checklists/[itemId]            0 B                0 B
Γö£ ╬╗ /api/companies/[id]/projects/templates                                     0 B                0 B
Γö£ ╬╗ /api/companies/[id]/projects/templates/[templateId]                        0 B                0 B
Γö£ ╬╗ /api/companies/[id]/projects/templates/[templateId]/apply                  0 B                0 B
Γö£ ╬╗ /api/companies/[id]/purchase-budgets                                       0 B                0 B
Γö£ ╬╗ /api/companies/[id]/purchase-categories                                    0 B                0 B
Γö£ ╬╗ /api/companies/[id]/purchase-credit-notes                                  0 B                0 B
Γö£ ╬╗ /api/companies/[id]/purchase-credit-notes/[noteId]                         0 B                0 B
Γö£ ╬╗ /api/companies/[id]/purchase-dashboard                                     0 B                0 B
Γö£ ╬╗ /api/companies/[id]/purchase-debit-notes                                   0 B                0 B
Γö£ ╬╗ /api/companies/[id]/purchase-debit-notes/[noteId]                          0 B                0 B
Γö£ ╬╗ /api/companies/[id]/purchase-forecast                                      0 B                0 B
Γö£ ╬╗ /api/companies/[id]/purchase-invoices                                      0 B                0 B
Γö£ ╬╗ /api/companies/[id]/purchase-invoices/[invoiceId]                          0 B                0 B
Γö£ ╬╗ /api/companies/[id]/purchase-orders                                        0 B                0 B
Γö£ ╬╗ /api/companies/[id]/purchase-orders/[orderId]                              0 B                0 B
Γö£ ╬╗ /api/companies/[id]/purchase-registers                                     0 B                0 B
Γö£ ╬╗ /api/companies/[id]/purchase-registers/[registerId]                        0 B                0 B
Γö£ ╬╗ /api/companies/[id]/purchase-reports                                       0 B                0 B
Γö£ ╬╗ /api/companies/[id]/purchase-returns                                       0 B                0 B
Γö£ ╬╗ /api/companies/[id]/purchase-returns/[returnId]                            0 B                0 B
Γö£ ╬╗ /api/companies/[id]/pwa-offline-queue                                      0 B                0 B
Γö£ ╬╗ /api/companies/[id]/pwa-offline-queue/sync                                 0 B                0 B
Γö£ ╬╗ /api/companies/[id]/quality-checklists                                     0 B                0 B
Γö£ ╬╗ /api/companies/[id]/quality-checklists/[checklistId]                       0 B                0 B
Γö£ ╬╗ /api/companies/[id]/quality-checklists/[checklistId]/items                 0 B                0 B
Γö£ ╬╗ /api/companies/[id]/quality-checklists/[checklistId]/items/[itemId]        0 B                0 B
Γö£ ╬╗ /api/companies/[id]/quality-inspections                                    0 B                0 B
Γö£ ╬╗ /api/companies/[id]/quality-inspections/[inspectionId]                     0 B                0 B
Γö£ ╬╗ /api/companies/[id]/quality-inspections/[inspectionId]/items               0 B                0 B
Γö£ ╬╗ /api/companies/[id]/quality-inspections/[inspectionId]/items/[itemId]      0 B                0 B
Γö£ ╬╗ /api/companies/[id]/quotations                                             0 B                0 B
Γö£ ╬╗ /api/companies/[id]/quotations/[quotationId]                               0 B                0 B
Γö£ ╬╗ /api/companies/[id]/received-documents                                     0 B                0 B
Γö£ ╬╗ /api/companies/[id]/received-documents/[docId]                             0 B                0 B
Γö£ ╬╗ /api/companies/[id]/received-documents/[docId]/xml                         0 B                0 B
Γö£ ╬╗ /api/companies/[id]/received-documents/import                              0 B                0 B
Γö£ ╬╗ /api/companies/[id]/received-documents/summary                             0 B                0 B
Γö£ ╬╗ /api/companies/[id]/recipe-expenses                                        0 B                0 B
Γö£ ╬╗ /api/companies/[id]/recipe-expenses/[expenseId]                            0 B                0 B
Γö£ ╬╗ /api/companies/[id]/recipe-products                                        0 B                0 B
Γö£ ╬╗ /api/companies/[id]/recipe-stock-entries                                   0 B                0 B
Γö£ ╬╗ /api/companies/[id]/reorder-suggestions                                    0 B                0 B
Γö£ ╬╗ /api/companies/[id]/reports                                                0 B                0 B
Γö£ ╬╗ /api/companies/[id]/reports/projects                                       0 B                0 B
Γö£ ╬╗ /api/companies/[id]/roles                                                  0 B                0 B
Γö£ ╬╗ /api/companies/[id]/roles/[roleId]                                         0 B                0 B
Γö£ ╬╗ /api/companies/[id]/roles/[roleId]/permissions                             0 B                0 B
Γö£ ╬╗ /api/companies/[id]/route-planning                                         0 B                0 B
Γö£ ╬╗ /api/companies/[id]/rubros                                                 0 B                0 B
Γö£ ╬╗ /api/companies/[id]/sales-commissions                                      0 B                0 B
Γö£ ╬╗ /api/companies/[id]/sales-contracts                                        0 B                0 B
Γö£ ╬╗ /api/companies/[id]/sales-dashboard                                        0 B                0 B
Γö£ ╬╗ /api/companies/[id]/sales-forecast                                         0 B                0 B
Γö£ ╬╗ /api/companies/[id]/sales-orders                                           0 B                0 B
Γö£ ╬╗ /api/companies/[id]/sales-orders/[orderId]                                 0 B                0 B
Γö£ ╬╗ /api/companies/[id]/sales-quotations                                       0 B                0 B
Γö£ ╬╗ /api/companies/[id]/sales-quotations/[quotationId]                         0 B                0 B
Γö£ ╬╗ /api/companies/[id]/sales-registers                                        0 B                0 B
Γö£ ╬╗ /api/companies/[id]/sales-registers/[registerId]                           0 B                0 B
Γö£ ╬╗ /api/companies/[id]/sales-reports                                          0 B                0 B
Γö£ ╬╗ /api/companies/[id]/sales-targets                                          0 B                0 B
Γö£ ╬╗ /api/companies/[id]/settings/documents                                     0 B                0 B
Γö£ ╬╗ /api/companies/[id]/settings/iva                                           0 B                0 B
Γö£ ╬╗ /api/companies/[id]/settings/uf                                            0 B                0 B
Γö£ ╬╗ /api/companies/[id]/sii-inventory-book                                     0 B                0 B
Γö£ ╬╗ /api/companies/[id]/sii/config                                             0 B                0 B
Γö£ ╬╗ /api/companies/[id]/sii/documents                                          0 B                0 B
Γö£ ╬╗ /api/companies/[id]/sii/dte                                                0 B                0 B
Γö£ ╬╗ /api/companies/[id]/sii/submit                                             0 B                0 B
Γö£ ╬╗ /api/companies/[id]/sii/token                                              0 B                0 B
Γö£ ╬╗ /api/companies/[id]/stock-alerts                                           0 B                0 B
Γö£ ╬╗ /api/companies/[id]/stock-alerts/[alertId]                                 0 B                0 B
Γö£ ╬╗ /api/companies/[id]/stock-levels                                           0 B                0 B
Γö£ ╬╗ /api/companies/[id]/stock-movements                                        0 B                0 B
Γö£ ╬╗ /api/companies/[id]/stock-reservations                                     0 B                0 B
Γö£ ╬╗ /api/companies/[id]/stock-reservations/[reservationId]                     0 B                0 B
Γö£ ╬╗ /api/companies/[id]/stock-transfers                                        0 B                0 B
Γö£ ╬╗ /api/companies/[id]/stock-transfers/[transferId]                           0 B                0 B
Γö£ ╬╗ /api/companies/[id]/stock-transfers/[transferId]/cancel                    0 B                0 B
Γö£ ╬╗ /api/companies/[id]/stock-transfers/[transferId]/confirm                   0 B                0 B
Γö£ ╬╗ /api/companies/[id]/supplier-catalogs                                      0 B                0 B
Γö£ ╬╗ /api/companies/[id]/supplier-contracts                                     0 B                0 B
Γö£ ╬╗ /api/companies/[id]/supplier-credit-control                                0 B                0 B
Γö£ ╬╗ /api/companies/[id]/supplier-price-history                                 0 B                0 B
Γö£ ╬╗ /api/companies/[id]/supplier-statement                                     0 B                0 B
Γö£ ╬╗ /api/companies/[id]/suppliers                                              0 B                0 B
Γö£ ╬╗ /api/companies/[id]/suppliers/[supplierId]                                 0 B                0 B
Γö£ ╬╗ /api/companies/[id]/support/summary                                        0 B                0 B
Γö£ ╬╗ /api/companies/[id]/support/tickets                                        0 B                0 B
Γö£ ╬╗ /api/companies/[id]/support/tickets/[ticketId]                             0 B                0 B
Γö£ ╬╗ /api/companies/[id]/support/tickets/[ticketId]/attachments/[attachmentId]  0 B                0 B
Γö£ ╬╗ /api/companies/[id]/support/tickets/[ticketId]/feedback                    0 B                0 B
Γö£ ╬╗ /api/companies/[id]/support/tickets/[ticketId]/messages                    0 B                0 B
Γö£ ╬╗ /api/companies/[id]/support/tickets/[ticketId]/status                      0 B                0 B
Γö£ ╬╗ /api/companies/[id]/sync-offline-action                                    0 B                0 B
Γö£ ╬╗ /api/companies/[id]/taxes                                                  0 B                0 B
Γö£ ╬╗ /api/companies/[id]/taxes/[taxId]                                          0 B                0 B
Γö£ ╬╗ /api/companies/[id]/taxes/calculations                                     0 B                0 B
Γö£ ╬╗ /api/companies/[id]/taxes/f29                                              0 B                0 B
Γö£ ╬╗ /api/companies/[id]/uf                                                     0 B                0 B
Γö£ ╬╗ /api/companies/[id]/units-of-measure                                       0 B                0 B
Γö£ ╬╗ /api/companies/[id]/units-of-measure/[uomId]                               0 B                0 B
Γö£ ╬╗ /api/companies/[id]/uom-conversions                                        0 B                0 B
Γö£ ╬╗ /api/companies/[id]/user-roles                                             0 B                0 B
Γö£ ╬╗ /api/companies/[id]/users                                                  0 B                0 B
Γö£ ╬╗ /api/companies/[id]/utm                                                    0 B                0 B
Γö£ ╬╗ /api/companies/[id]/vacation-balances                                      0 B                0 B
Γö£ ╬╗ /api/companies/[id]/vacation-requests                                      0 B                0 B
Γö£ ╬╗ /api/companies/[id]/vacation-requests/[requestId]                          0 B                0 B
Γö£ ╬╗ /api/companies/[id]/valuation-multi-currency                               0 B                0 B
Γö£ ╬╗ /api/companies/[id]/warehouses                                             0 B                0 B
Γö£ ╬╗ /api/companies/[id]/warehouses/[warehouseId]                               0 B                0 B
Γö£ ╬╗ /api/companies/[id]/warehouses/[warehouseId]/layout                        0 B                0 B
Γö£ ╬╗ /api/companies/[id]/warehouses/[warehouseId]/layout/assign                 0 B                0 B
Γö£ ╬╗ /api/companies/[id]/webhook-endpoints                                      0 B                0 B
Γö£ ╬╗ /api/companies/[id]/webhook-endpoints/[endpointId]                         0 B                0 B
Γö£ ╬╗ /api/companies/[id]/webhook-endpoints/[endpointId]/deliveries              0 B                0 B
Γö£ ╬╗ /api/condominio                                                            0 B                0 B
Γö£ ╬╗ /api/condominio/assemblies                                                 0 B                0 B
Γö£ ╬╗ /api/condominio/expenses                                                   0 B                0 B
Γö£ Γùï /api/condominio/expenses/dtes                                              0 B                0 B
Γö£ ╬╗ /api/condominio/meters                                                     0 B                0 B
Γö£ ╬╗ /api/condominio/payments                                                   0 B                0 B
Γö£ ╬╗ /api/condominio/periods                                                    0 B                0 B
Γö£ ╬╗ /api/condominio/units                                                      0 B                0 B
Γö£ ╬╗ /api/condominio/violations                                                 0 B                0 B
Γö£ ╬╗ /api/ecommerce/sync                                                        0 B                0 B
Γö£ ╬╗ /api/finance/cashflow                                                      0 B                0 B
Γö£ ╬╗ /api/finance/factoring                                                     0 B                0 B
Γö£ Γùï /api/health                                                                0 B                0 B
Γö£ ╬╗ /api/migrate                                                               0 B                0 B
Γö£ ╬╗ /api/migrate-fix                                                           0 B                0 B
Γö£ Γùï /api/modules-catalog                                                       0 B                0 B
Γö£ ╬╗ /api/payments/transbank                                                    0 B                0 B
Γö£ ╬╗ /api/payroll/migrate                                                       0 B                0 B
Γö£ ╬╗ /api/payroll/previred                                                      0 B                0 B
Γö£ Γùï /api/plans                                                                 0 B                0 B
Γö£ ╬╗ /api/portal/[token]                                                        0 B                0 B
Γö£ ╬╗ /api/portal/customer/[token]                                               0 B                0 B
Γö£ ╬╗ /api/production/orders                                                     0 B                0 B
Γö£ ╬╗ /api/projects/migrate                                                      0 B                0 B
Γö£ ╬╗ /api/projects/migrate-activity-log                                         0 B                0 B
Γö£ ╬╗ /api/projects/migrate-change-orders                                        0 B                0 B
Γö£ ╬╗ /api/projects/migrate-cost-centers                                         0 B                0 B
Γö£ ╬╗ /api/projects/migrate-file-upload                                          0 B                0 B
Γö£ ╬╗ /api/projects/migrate-links                                                0 B                0 B
Γö£ ╬╗ /api/projects/migrate-notifications                                        0 B                0 B
Γö£ ╬╗ /api/projects/migrate-portal                                               0 B                0 B
Γö£ ╬╗ /api/projects/migrate-risks                                                0 B                0 B
Γö£ ╬╗ /api/public/[type]/[id]                                                    0 B                0 B
Γö£ ╬╗ /api/purchases/imports                                                     0 B                0 B
Γö£ ╬╗ /api/sales/dte/credit-debit                                                0 B                0 B
Γö£ ╬╗ /api/sales/dte/guia-52                                                     0 B                0 B
Γö£ ╬╗ /api/sales/recurring                                                       0 B                0 B
Γö£ ╬╗ /api/seed                                                                  0 B                0 B
Γö£ ╬╗ /api/services/work-orders                                                  0 B                0 B
Γö£ ╬╗ /api/signature/fea                                                         0 B                0 B
Γö£ ╬╗ /api/super-admin/audit                                                     0 B                0 B
Γö£ ╬╗ /api/super-admin/billing                                                   0 B                0 B
Γö£ ╬╗ /api/super-admin/companies                                                 0 B                0 B
Γö£ ╬╗ /api/super-admin/companies/[id]                                            0 B                0 B
Γö£ ╬╗ /api/super-admin/companies/[id]/suspend                                    0 B                0 B
Γö£ ╬╗ /api/super-admin/export                                                    0 B                0 B
Γö£ ╬╗ /api/super-admin/faq                                                       0 B                0 B
Γö£ ╬╗ /api/super-admin/faq/[id]                                                  0 B                0 B
Γö£ ╬╗ /api/super-admin/grants                                                    0 B                0 B
Γö£ ╬╗ /api/super-admin/grants/[id]                                               0 B                0 B
Γö£ ╬╗ /api/super-admin/login-as                                                  0 B                0 B
Γö£ ╬╗ /api/super-admin/metrics                                                   0 B                0 B
Γö£ ╬╗ /api/super-admin/notifications                                             0 B                0 B
Γö£ ╬╗ /api/super-admin/notifications/[id]                                        0 B                0 B
Γö£ ╬╗ /api/super-admin/plans                                                     0 B                0 B
Γö£ ╬╗ /api/super-admin/super-admins                                              0 B                0 B
Γö£ ╬╗ /api/super-admin/super-admins/[id]                                         0 B                0 B
Γö£ ╬╗ /api/super-admin/support                                                   0 B                0 B
Γö£ ╬╗ /api/super-admin/support/[id]                                              0 B                0 B
Γö£ ╬╗ /api/super-admin/support/[id]/attachments/[attachmentId]                   0 B                0 B
Γö£ ╬╗ /api/super-admin/support/[id]/messages                                     0 B                0 B
Γö£ ╬╗ /api/super-admin/support/summary                                           0 B                0 B
Γö£ ╬╗ /api/super-admin/users                                                     0 B                0 B
Γö£ ╬╗ /api/super-admin/users/[id]                                                0 B                0 B
Γö£ ╬╗ /api/suppliers/portal                                                      0 B                0 B
Γö£ ╬╗ /api/support/faq                                                           0 B                0 B
Γö£ ╬╗ /api/upload                                                                0 B                0 B
Γö£ ╬╗ /auto-talleres                                                             6.03 kB         221 kB
Γö£ ╬╗ /auto-talleres/agenda                                                      3.91 kB         103 kB
Γö£ ╬╗ /auto-talleres/bays                                                        3.98 kB         103 kB
Γö£ ╬╗ /auto-talleres/estimados                                                   3.05 kB         102 kB
Γö£ ╬╗ /auto-talleres/estimados/new                                               4.93 kB          97 kB
Γö£ ╬╗ /auto-talleres/inspecciones                                                3.73 kB         103 kB
Γö£ ╬╗ /auto-talleres/ordenes                                                     3.61 kB         103 kB
Γö£ ╬╗ /auto-talleres/ordenes/[id]                                                5.91 kB         105 kB
Γö£ ╬╗ /auto-talleres/ordenes/[id]/edit                                           6.3 kB         98.4 kB
Γö£ ╬╗ /auto-talleres/ordenes/new                                                 4.45 kB         117 kB
Γö£ ╬╗ /auto-talleres/pedidos-repuestos                                           3.2 kB          102 kB
Γö£ ╬╗ /auto-talleres/tecnicos                                                    3.61 kB         103 kB
Γö£ ╬╗ /auto-talleres/vehiculos                                                   2.97 kB        95.1 kB
Γö£ ╬╗ /auto-talleres/vehiculos/[id]                                              4.42 kB        96.5 kB
Γö£ ╬╗ /auto-talleres/vehiculos/[id]/edit                                         4.34 kB        96.4 kB
Γö£ ╬╗ /auto-talleres/vehiculos/new                                               3.83 kB         117 kB
Γö£ ╬╗ /ayuda                                                                     4.61 kB         142 kB
Γö£ ╬╗ /ayuda/tickets                                                             3.99 kB         112 kB
Γö£ ╬╗ /ayuda/tickets/[id]                                                        5.45 kB         106 kB
Γö£ ╬╗ /condominio                                                                5.4 kB         90.1 kB
Γö£ ╬╗ /condominio/asambleas                                                      3.54 kB        88.3 kB
Γö£ ╬╗ /condominio/comunicaciones                                                 3.85 kB        88.6 kB
Γö£ ╬╗ /condominio/espacios                                                       10.6 kB        95.3 kB
Γö£ ╬╗ /condominio/gastos-comunes                                                 5.79 kB        90.5 kB
Γö£ ╬╗ /condominio/importar                                                       3.27 kB          88 kB
Γö£ ╬╗ /condominio/medidores                                                      3.64 kB        88.4 kB
Γö£ ╬╗ /condominio/multas-seguros                                                 3.81 kB        88.5 kB
Γö£ ╬╗ /condominio/pagos                                                          4.17 kB        88.9 kB
Γö£ ╬╗ /condominio/portal                                                         4.82 kB        89.5 kB
Γö£ ╬╗ /dashboard                                                                 5.42 kB         230 kB
Γö£ ╬╗ /dashboard/accounting                                                      6.67 kB         115 kB
Γö£ ╬╗ /dashboard/accounting/cashflow                                             2.37 kB        87.1 kB
Γö£ ╬╗ /dashboard/accounting/dte                                                  3.36 kB         105 kB
Γö£ ╬╗ /dashboard/accounting/f29                                                  2.92 kB        87.7 kB
Γö£ ╬╗ /dashboard/accounting/financial-statements                                 3.17 kB        87.9 kB
Γö£ ╬╗ /dashboard/accounting/fixed-assets                                         2.73 kB        87.5 kB
Γö£ ╬╗ /dashboard/accounting/general-ledger                                       2.78 kB        87.5 kB
Γö£ ╬╗ /dashboard/accounting/honorarios                                           2.67 kB        87.4 kB
Γö£ ╬╗ /dashboard/accounting/journal-entries                                      3.23 kB         111 kB
Γö£ ╬╗ /dashboard/accounting/journal-entries/[id]                                 2.52 kB         111 kB
Γö£ ╬╗ /dashboard/accounting/journal-entries/new                                  2.96 kB         102 kB
Γö£ ╬╗ /dashboard/accounting/reconciliation                                       4.69 kB          96 kB
Γö£ ╬╗ /dashboard/accounting/sales-book                                           3 kB           87.7 kB
Γö£ ╬╗ /dashboard/accounting/sii-config                                           3.45 kB        97.5 kB
Γö£ ╬╗ /dashboard/alerts                                                          4.51 kB         113 kB
Γö£ ╬╗ /dashboard/audit                                                           4.71 kB         113 kB
Γö£ ╬╗ /dashboard/billing                                                         4.68 kB         113 kB
Γö£ ╬╗ /dashboard/billing/[id]                                                    4.35 kB         118 kB
Γö£ ╬╗ /dashboard/billing/new                                                     3.26 kB         102 kB
Γö£ ╬╗ /dashboard/bodega                                                          6.41 kB         162 kB
Γö£ ╬╗ /dashboard/bodega/[id]/detail                                              6.18 kB         114 kB
Γö£ ╬╗ /dashboard/bodega/consignment                                              2.13 kB         101 kB
Γö£ ╬╗ /dashboard/bodega/landed-cost                                              2.06 kB         101 kB
Γö£ ╬╗ /dashboard/bodega/sii-book                                                 1.95 kB         101 kB
Γö£ ╬╗ /dashboard/cost-centers                                                    3.85 kB         104 kB
Γö£ ╬╗ /dashboard/crm                                                             5.87 kB        97.2 kB
Γö£ ╬╗ /dashboard/customers                                                       8.46 kB         126 kB
Γö£ ╬╗ /dashboard/customers/[id]                                                  10.9 kB         132 kB
Γö£ ╬╗ /dashboard/customers/[id]/edit                                             5.34 kB         123 kB
Γö£ ╬╗ /dashboard/customers/new                                                   4.76 kB         122 kB
Γö£ ╬╗ /dashboard/expenses                                                        5.42 kB        96.7 kB
Γö£ ╬╗ /dashboard/expenses/categories                                             3.44 kB        94.8 kB
Γö£ ╬╗ /dashboard/inventory                                                       17.8 kB         309 kB
Γö£ ╬╗ /dashboard/inventory/[id]                                                  7.74 kB         341 kB
Γö£ ╬╗ /dashboard/inventory/[id]/edit                                             5.99 kB         123 kB
Γö£ ╬╗ /dashboard/inventory/adjustments                                           4.08 kB         112 kB
Γö£ ╬╗ /dashboard/inventory/adjustments/new                                       4.43 kB         112 kB
Γö£ ╬╗ /dashboard/inventory/batches                                               3.47 kB         104 kB
Γö£ ╬╗ /dashboard/inventory/categories                                            3.39 kB         104 kB
Γö£ ╬╗ /dashboard/inventory/closings                                              4 kB            105 kB
Γö£ ╬╗ /dashboard/inventory/config                                                8.34 kB         152 kB
Γö£ ╬╗ /dashboard/inventory/counts                                                3.15 kB         104 kB
Γö£ ╬╗ /dashboard/inventory/counts/[id]                                           3.08 kB         104 kB
Γö£ ╬╗ /dashboard/inventory/counts/new                                            2.26 kB         103 kB
Γö£ ╬╗ /dashboard/inventory/dead-stock                                            2.13 kB        86.9 kB
Γö£ ╬╗ /dashboard/inventory/forecasting                                           2.15 kB        86.9 kB
Γö£ ╬╗ /dashboard/inventory/import                                                3.81 kB        95.1 kB
Γö£ ╬╗ /dashboard/inventory/label-designer                                        8.58 kB         126 kB
Γö£ ╬╗ /dashboard/inventory/monetary-correction                                   2.93 kB        87.7 kB
Γö£ ╬╗ /dashboard/inventory/new                                                   5.69 kB         123 kB
Γö£ ╬╗ /dashboard/inventory/relations                                             2.92 kB         102 kB
Γö£ ╬╗ /dashboard/inventory/reservations                                          4.31 kB        95.6 kB
Γö£ ╬╗ /dashboard/inventory/returns                                               4.96 kB         104 kB
Γö£ ╬╗ /dashboard/inventory/serials                                               2.82 kB         111 kB
Γö£ ╬╗ /dashboard/inventory/stock-report                                          4.41 kB         112 kB
Γö£ ╬╗ /dashboard/inventory/tags                                                  2.69 kB         111 kB
Γö£ ╬╗ /dashboard/inventory/taxes                                                 3.55 kB         104 kB
Γö£ ╬╗ /dashboard/inventory/uom                                                   3.5 kB          104 kB
Γö£ ╬╗ /dashboard/inventory/valuation                                             7.05 kB         151 kB
Γö£ ╬╗ /dashboard/inventory/variants                                              4.49 kB        95.8 kB
Γö£ ╬╗ /dashboard/payroll                                                         10.3 kB         346 kB
Γö£ ╬╗ /dashboard/payroll/[id]                                                    5.11 kB         282 kB
Γö£ ╬╗ /dashboard/pos                                                             7.45 kB         294 kB
Γö£ ╬╗ /dashboard/price-lists                                                     4.95 kB         122 kB
Γö£ ╬╗ /dashboard/production/orders                                               2.67 kB        96.7 kB
Γö£ ╬╗ /dashboard/projects                                                        8.38 kB         171 kB
Γö£ ╬╗ /dashboard/projects/[id]                                                   41.8 kB         402 kB
Γö£ ╬╗ /dashboard/projects/[id]/edit                                              3.04 kB         102 kB
Γö£ ╬╗ /dashboard/projects/allocation                                             2.79 kB        94.1 kB
Γö£ ╬╗ /dashboard/projects/new                                                    2.8 kB          101 kB
Γö£ ╬╗ /dashboard/projects/reports                                                2.71 kB          94 kB
Γö£ ╬╗ /dashboard/purchases                                                       10.5 kB         173 kB
Γö£ ╬╗ /dashboard/purchases/[id]                                                  6.54 kB         289 kB
Γö£ ╬╗ /dashboard/purchases/[id]/edit                                             5.6 kB          114 kB
Γö£ ╬╗ /dashboard/purchases/categories                                            3.13 kB         111 kB
Γö£ ╬╗ /dashboard/purchases/credit-notes                                          2.34 kB        93.7 kB
Γö£ ╬╗ /dashboard/purchases/debit-notes                                           2.34 kB        93.7 kB
Γö£ ╬╗ /dashboard/purchases/documents                                             5.71 kB         190 kB
Γö£ ╬╗ /dashboard/purchases/imports                                               2.45 kB        96.5 kB
Γö£ ╬╗ /dashboard/purchases/new                                                   5.53 kB         114 kB
Γö£ ╬╗ /dashboard/purchases/purchase-book                                         5.75 kB         106 kB
Γö£ ╬╗ /dashboard/purchases/quotations                                            4.68 kB         113 kB
Γö£ ╬╗ /dashboard/purchases/quotations/[id]                                       7.99 kB         122 kB
Γö£ ╬╗ /dashboard/purchases/quotations/[id]/edit                                  5.26 kB         113 kB
Γö£ ╬╗ /dashboard/purchases/quotations/new                                        5.17 kB         113 kB
Γö£ ╬╗ /dashboard/purchases/receipts                                              3.64 kB         104 kB
Γö£ ╬╗ /dashboard/purchases/receipts/[id]                                         3.73 kB         112 kB
Γö£ ╬╗ /dashboard/purchases/receipts/new                                          3.82 kB        95.1 kB
Γö£ ╬╗ /dashboard/purchases/register                                              3.23 kB         115 kB
Γö£ ╬╗ /dashboard/purchases/reports                                               3.74 kB         139 kB
Γö£ ╬╗ /dashboard/pwa/offline-queue                                               5.02 kB         122 kB
Γö£ ╬╗ /dashboard/received-documents                                              6.33 kB         124 kB
Γö£ ╬╗ /dashboard/received-documents/[docId]                                      5.69 kB         123 kB
Γö£ ╬╗ /dashboard/reports                                                         6.83 kB         160 kB
Γö£ ╬╗ /dashboard/reports/advanced                                                4.79 kB         141 kB
Γö£ ╬╗ /dashboard/sales                                                           22.8 kB         349 kB
Γö£ ╬╗ /dashboard/sales/[id]                                                      6.18 kB         298 kB
Γö£ ╬╗ /dashboard/sales/[id]/edit                                                 5.68 kB         114 kB
Γö£ ╬╗ /dashboard/sales/cobranza                                                  3.1 kB         87.8 kB
Γö£ ╬╗ /dashboard/sales/cobranza/credit-notes                                     3.59 kB         105 kB
Γö£ ╬╗ /dashboard/sales/credit-debit                                              3.35 kB        97.4 kB
Γö£ ╬╗ /dashboard/sales/delivery-guides                                           4.3 kB          112 kB
Γö£ ╬╗ /dashboard/sales/delivery-guides/[id]                                      3.81 kB         277 kB
Γö£ ╬╗ /dashboard/sales/delivery-guides/new                                       5.13 kB         113 kB
Γö£ ╬╗ /dashboard/sales/delivery/[id]                                             3.84 kB         277 kB
Γö£ ╬╗ /dashboard/sales/delivery/new                                              5.11 kB         113 kB
Γö£ ╬╗ /dashboard/sales/ecommerce                                                 4.25 kB        98.3 kB
Γö£ ╬╗ /dashboard/sales/factoring                                                 3.64 kB        97.7 kB
Γö£ ╬╗ /dashboard/sales/guia-52                                                   3.52 kB        97.6 kB
Γö£ ╬╗ /dashboard/sales/invoices                                                  4.33 kB         112 kB
Γö£ ╬╗ /dashboard/sales/invoices/[id]                                             3.86 kB         277 kB
Γö£ ╬╗ /dashboard/sales/invoices/new                                              5.78 kB         114 kB
Γö£ ╬╗ /dashboard/sales/new                                                       5.83 kB         114 kB
Γö£ ╬╗ /dashboard/sales/pedidos                                                   4.69 kB         113 kB
Γö£ ╬╗ /dashboard/sales/pedidos/[orderId]                                         4.98 kB         106 kB
Γö£ ╬╗ /dashboard/sales/pedidos/import                                            3.61 kB        94.9 kB
Γö£ ╬╗ /dashboard/sales/pedidos/new                                               3.23 kB        94.6 kB
Γö£ ╬╗ /dashboard/sales/pedidos/reports                                           3.17 kB        87.9 kB
Γö£ ╬╗ /dashboard/sales/price-lists                                               4.97 kB         122 kB
Γö£ ╬╗ /dashboard/sales/quotations                                                4.21 kB         112 kB
Γö£ ╬╗ /dashboard/sales/quotations/[id]                                           4.82 kB         278 kB
Γö£ ╬╗ /dashboard/sales/quotations/new                                            5.25 kB         113 kB
Γö£ ╬╗ /dashboard/sales/quotations/reports                                        3.12 kB        94.4 kB
Γö£ ╬╗ /dashboard/sales/recurring                                                 2.48 kB        96.5 kB
Γö£ ╬╗ /dashboard/sales/register                                                  3.48 kB         116 kB
Γö£ ╬╗ /dashboard/sales/returns                                                   5.37 kB         282 kB
Γö£ ╬╗ /dashboard/sales/sales-reports                                             3.17 kB        87.9 kB
Γö£ ╬╗ /dashboard/sales/transbank                                                 3.17 kB        97.2 kB
Γö£ ╬╗ /dashboard/services/work-orders                                            3.47 kB        97.5 kB
Γö£ ╬╗ /dashboard/settings                                                        17 kB           306 kB
Γö£ ╬╗ /dashboard/settings/empresa                                                6.46 kB         169 kB
Γö£ ╬╗ /dashboard/settings/fea                                                    2.72 kB        96.8 kB
Γö£ ╬╗ /dashboard/settings/rubros                                                 4.6 kB          122 kB
Γö£ ╬╗ /dashboard/settings/webhooks                                               5.97 kB         123 kB
Γö£ ╬╗ /dashboard/suppliers                                                       5.21 kB         123 kB
Γö£ ╬╗ /dashboard/suppliers/[id]                                                  4.17 kB         112 kB
Γö£ ╬╗ /dashboard/suppliers/[id]/edit                                             4.21 kB         112 kB
Γö£ ╬╗ /dashboard/suppliers/new                                                   4.86 kB         113 kB
Γö£ ╬╗ /dashboard/suppliers/portal                                                2.81 kB        87.5 kB
Γö£ ╬╗ /dashboard/transfers                                                       3.91 kB         112 kB
Γö£ ╬╗ /dashboard/transfers/[id]                                                  4.15 kB         122 kB
Γö£ ╬╗ /dashboard/transfers/new                                                   4.51 kB         113 kB
Γö£ ╬╗ /dashboard/warehouses                                                      4.68 kB         113 kB
Γö£ ╬╗ /dashboard/warehouses/[id]/edit                                            4.36 kB         112 kB
Γö£ ╬╗ /dashboard/warehouses/new                                                  4.05 kB         112 kB
Γö£ ╬╗ /hr                                                                        10.4 kB         173 kB
Γö£ ╬╗ /mi-cuenta                                                                 8.46 kB         161 kB
Γö£ ╬╗ /portal/[token]                                                            2.92 kB        87.6 kB
Γö£ ╬╗ /portal/customer/[token]                                                   2.79 kB        87.5 kB
Γö£ ╬╗ /projects                                                                  6.23 kB         150 kB
Γö£ ╬╗ /projects/[id]                                                             8.11 kB         151 kB
Γö£ ╬╗ /projects/[id]/edit                                                        2.2 kB          110 kB
Γö£ ╬╗ /projects/list                                                             4.37 kB         148 kB
Γö£ ╬╗ /projects/new                                                              1.91 kB         110 kB
Γö£ ╬╗ /projects/reports                                                          2.13 kB        93.5 kB
Γö£ ╬╗ /projects/tasks                                                            2.72 kB          94 kB
Γö£ ╬╗ /projects/templates                                                        2.72 kB         103 kB
Γö£ ╬╗ /projects/time                                                             2.56 kB        93.9 kB
Γö£ ╬╗ /recetas                                                                   4.22 kB         138 kB
Γö£ ╬╗ /recetas/[id]                                                              4.54 kB         322 kB
Γö£ ╬╗ /recetas/[id]/edit                                                         3.1 kB          111 kB
Γö£ ╬╗ /recetas/expenses                                                          5.78 kB         106 kB
Γö£ ╬╗ /recetas/inventory                                                         5.21 kB         120 kB
Γö£ ╬╗ /recetas/new                                                               4.02 kB         112 kB
Γö£ ╬╗ /recetas/pos                                                               6.9 kB          283 kB
Γö£ ╬╗ /recetas/produce                                                           3.53 kB         285 kB
Γö£ ╬╗ /recetas/sales                                                             3.8 kB          104 kB
Γö£ ╬╗ /recetas/settings                                                          2.63 kB         111 kB
Γö£ ╬╗ /recetas/stock                                                             4.72 kB         120 kB
Γö£ ╬╗ /restaurant                                                                1.59 kB        86.3 kB
Γö£ ╬╗ /restaurant/admin                                                          5.19 kB         107 kB
Γö£ ╬╗ /restaurant/bar                                                            3.73 kB         105 kB
Γö£ ╬╗ /restaurant/cashier                                                        4.17 kB         106 kB
Γö£ ╬╗ /restaurant/dashboard                                                      3.69 kB        95.8 kB
Γö£ ╬╗ /restaurant/kiosk                                                          5.14 kB         107 kB
Γö£ ╬╗ /restaurant/kitchen                                                        3.81 kB         105 kB
Γö£ ╬╗ /restaurant/reports                                                        4.59 kB         106 kB
Γö£ ╬╗ /restaurant/reservations                                                   4.52 kB         106 kB
Γö£ ╬╗ /restaurant/sales                                                          5.02 kB         106 kB
Γö£ ╬╗ /restaurant/users                                                          4.72 kB         106 kB
Γö£ ╬╗ /restaurant/waiter                                                         9.45 kB         111 kB
Γö£ ╬╗ /veterinaria                                                               6.03 kB        98.1 kB
Γö£ ╬╗ /veterinaria/agenda                                                        5.06 kB        97.2 kB
Γö£ ╬╗ /veterinaria/cirugias                                                      3.63 kB        88.4 kB
Γö£ ╬╗ /veterinaria/clientes                                                      5.56 kB        97.7 kB
Γö£ ╬╗ /veterinaria/configuracion/especies                                        6.83 kB        91.6 kB
Γö£ ╬╗ /veterinaria/configuracion/servicios                                       5.17 kB        89.9 kB
Γö£ ╬╗ /veterinaria/consultas                                                     9.38 kB        94.1 kB
Γö£ ╬╗ /veterinaria/evoluciones                                                   7.87 kB        92.6 kB
Γö£ ╬╗ /veterinaria/farmacia                                                      8.5 kB         93.2 kB
Γö£ ╬╗ /veterinaria/hospitalizacion                                               4.26 kB          89 kB
Γö£ ╬╗ /veterinaria/laboratorio                                                   7.94 kB        92.7 kB
Γö£ ╬╗ /veterinaria/pacientes                                                     6.34 kB        98.4 kB
Γö£ ╬╗ /veterinaria/pacientes/[id]                                                9.27 kB         101 kB
Γö£ ╬╗ /veterinaria/presupuestos                                                  8.48 kB        93.2 kB
Γö£ ╬╗ /veterinaria/profesionales                                                 5 kB           89.7 kB
Γö£ ╬╗ /veterinaria/recetas                                                       1.71 kB        86.4 kB
Γö£ ╬╗ /veterinaria/recordatorios                                                 3.74 kB        88.5 kB
Γö£ ╬╗ /veterinaria/vacunas                                                       5.99 kB        90.7 kB
Γöö ╬╗ /view/[type]/[id]                                                          3.39 kB         263 kB
+ First Load JS shared by all                                                  84.7 kB
  Γö£ chunks/19997-a8b8b59656faae1c.js                                           29.1 kB
  Γö£ chunks/1dd3208c-a87f8b71f83de658.js                                        53.4 kB
  Γöö other shared chunks (total)                                                2.27 kB


╞Æ Middleware                                                                   94.1 kB

Γùï  (Static)   prerendered as static content
╬╗  (Dynamic)  server-rendered on demand using Node.js

